Archive member included to satisfy reference by file (symbol)

D:/stm32ide/STM32CubeIDE_1.17.0/STM32CubeIDE/plugins/com.st.stm32cube.ide.mcu.externaltools.gnu-tools-for-stm32.12.3.rel1.win32_1.1.0.202410251130/tools/bin/../lib/gcc/arm-none-eabi/12.3.1/../../../../arm-none-eabi/lib/thumb/v7e-m+fp/hard\libc_nano.a(libc_a-exit.o)
                              D:/stm32ide/STM32CubeIDE_1.17.0/STM32CubeIDE/plugins/com.st.stm32cube.ide.mcu.externaltools.gnu-tools-for-stm32.12.3.rel1.win32_1.1.0.202410251130/tools/bin/../lib/gcc/arm-none-eabi/12.3.1/../../../../arm-none-eabi/lib/thumb/v7e-m+fp/hard/crt0.o (exit)
D:/stm32ide/STM32CubeIDE_1.17.0/STM32CubeIDE/plugins/com.st.stm32cube.ide.mcu.externaltools.gnu-tools-for-stm32.12.3.rel1.win32_1.1.0.202410251130/tools/bin/../lib/gcc/arm-none-eabi/12.3.1/../../../../arm-none-eabi/lib/thumb/v7e-m+fp/hard\libc_nano.a(libc_a-malloc.o)
                              ./Middlewares/ST/STM32_USB_Host_Library/Class/HID/Src/usbh_hid.o (malloc)
D:/stm32ide/STM32CubeIDE_1.17.0/STM32CubeIDE/plugins/com.st.stm32cube.ide.mcu.externaltools.gnu-tools-for-stm32.12.3.rel1.win32_1.1.0.202410251130/tools/bin/../lib/gcc/arm-none-eabi/12.3.1/../../../../arm-none-eabi/lib/thumb/v7e-m+fp/hard\libc_nano.a(libc_a-mallocr.o)
                              D:/stm32ide/STM32CubeIDE_1.17.0/STM32CubeIDE/plugins/com.st.stm32cube.ide.mcu.externaltools.gnu-tools-for-stm32.12.3.rel1.win32_1.1.0.202410251130/tools/bin/../lib/gcc/arm-none-eabi/12.3.1/../../../../arm-none-eabi/lib/thumb/v7e-m+fp/hard\libc_nano.a(libc_a-malloc.o) (_malloc_r)
D:/stm32ide/STM32CubeIDE_1.17.0/STM32CubeIDE/plugins/com.st.stm32cube.ide.mcu.externaltools.gnu-tools-for-stm32.12.3.rel1.win32_1.1.0.202410251130/tools/bin/../lib/gcc/arm-none-eabi/12.3.1/../../../../arm-none-eabi/lib/thumb/v7e-m+fp/hard\libc_nano.a(libc_a-mlock.o)
                              D:/stm32ide/STM32CubeIDE_1.17.0/STM32CubeIDE/plugins/com.st.stm32cube.ide.mcu.externaltools.gnu-tools-for-stm32.12.3.rel1.win32_1.1.0.202410251130/tools/bin/../lib/gcc/arm-none-eabi/12.3.1/../../../../arm-none-eabi/lib/thumb/v7e-m+fp/hard\libc_nano.a(libc_a-mallocr.o) (__malloc_lock)
D:/stm32ide/STM32CubeIDE_1.17.0/STM32CubeIDE/plugins/com.st.stm32cube.ide.mcu.externaltools.gnu-tools-for-stm32.12.3.rel1.win32_1.1.0.202410251130/tools/bin/../lib/gcc/arm-none-eabi/12.3.1/../../../../arm-none-eabi/lib/thumb/v7e-m+fp/hard\libc_nano.a(libc_a-findfp.o)
                              D:/stm32ide/STM32CubeIDE_1.17.0/STM32CubeIDE/plugins/com.st.stm32cube.ide.mcu.externaltools.gnu-tools-for-stm32.12.3.rel1.win32_1.1.0.202410251130/tools/bin/../lib/gcc/arm-none-eabi/12.3.1/../../../../arm-none-eabi/lib/thumb/v7e-m+fp/hard\libc_nano.a(libc_a-exit.o) (__stdio_exit_handler)
D:/stm32ide/STM32CubeIDE_1.17.0/STM32CubeIDE/plugins/com.st.stm32cube.ide.mcu.externaltools.gnu-tools-for-stm32.12.3.rel1.win32_1.1.0.202410251130/tools/bin/../lib/gcc/arm-none-eabi/12.3.1/../../../../arm-none-eabi/lib/thumb/v7e-m+fp/hard\libc_nano.a(libc_a-fwalk.o)
                              D:/stm32ide/STM32CubeIDE_1.17.0/STM32CubeIDE/plugins/com.st.stm32cube.ide.mcu.externaltools.gnu-tools-for-stm32.12.3.rel1.win32_1.1.0.202410251130/tools/bin/../lib/gcc/arm-none-eabi/12.3.1/../../../../arm-none-eabi/lib/thumb/v7e-m+fp/hard\libc_nano.a(libc_a-findfp.o) (_fwalk_sglue)
D:/stm32ide/STM32CubeIDE_1.17.0/STM32CubeIDE/plugins/com.st.stm32cube.ide.mcu.externaltools.gnu-tools-for-stm32.12.3.rel1.win32_1.1.0.202410251130/tools/bin/../lib/gcc/arm-none-eabi/12.3.1/../../../../arm-none-eabi/lib/thumb/v7e-m+fp/hard\libc_nano.a(libc_a-stdio.o)
                              D:/stm32ide/STM32CubeIDE_1.17.0/STM32CubeIDE/plugins/com.st.stm32cube.ide.mcu.externaltools.gnu-tools-for-stm32.12.3.rel1.win32_1.1.0.202410251130/tools/bin/../lib/gcc/arm-none-eabi/12.3.1/../../../../arm-none-eabi/lib/thumb/v7e-m+fp/hard\libc_nano.a(libc_a-findfp.o) (__sread)
D:/stm32ide/STM32CubeIDE_1.17.0/STM32CubeIDE/plugins/com.st.stm32cube.ide.mcu.externaltools.gnu-tools-for-stm32.12.3.rel1.win32_1.1.0.202410251130/tools/bin/../lib/gcc/arm-none-eabi/12.3.1/../../../../arm-none-eabi/lib/thumb/v7e-m+fp/hard\libc_nano.a(libc_a-memset.o)
                              D:/stm32ide/STM32CubeIDE_1.17.0/STM32CubeIDE/plugins/com.st.stm32cube.ide.mcu.externaltools.gnu-tools-for-stm32.12.3.rel1.win32_1.1.0.202410251130/tools/bin/../lib/gcc/arm-none-eabi/12.3.1/../../../../arm-none-eabi/lib/thumb/v7e-m+fp/hard/crt0.o (memset)
D:/stm32ide/STM32CubeIDE_1.17.0/STM32CubeIDE/plugins/com.st.stm32cube.ide.mcu.externaltools.gnu-tools-for-stm32.12.3.rel1.win32_1.1.0.202410251130/tools/bin/../lib/gcc/arm-none-eabi/12.3.1/../../../../arm-none-eabi/lib/thumb/v7e-m+fp/hard\libc_nano.a(libc_a-closer.o)
[...]
Memory Configuration

Name             Origin             Length             Attributes
CCMRAM           0x10000000         0x00010000         xrw
RAM              0x20000000         0x00020000         xrw
FLASH            0x08000000         0x00100000         xr
*default*        0x00000000         0xffffffff

Linker script and memory map

LOAD D:/stm32ide/STM32CubeIDE_1.17.0/STM32CubeIDE/plugins/com.st.stm32cube.ide.mcu.externaltools.gnu-tools-for-stm32.12.3.rel1.win32_1.1.0.202410251130/tools/bin/../lib/gcc/arm-none-eabi/12.3.1/thumb/v7e-m+fp/hard/crti.o
LOAD D:/stm32ide/STM32CubeIDE_1.17.0/STM32CubeIDE/plugins/com.st.stm32cube.ide.mcu.externaltools.gnu-tools-for-stm32.12.3.rel1.win32_1.1.0.202410251130/tools/bin/../lib/gcc/arm-none-eabi/12.3.1/thumb/v7e-m+fp/hard/crtbegin.o
LOAD D:/stm32ide/STM32CubeIDE_1.17.0/STM32CubeIDE/plugins/com.st.stm32cube.ide.mcu.externaltools.gnu-tools-for-stm32.12.3.rel1.win32_1.1.0.202410251130/tools/bin/../lib/gcc/arm-none-eabi/12.3.1/../../../../arm-none-eabi/lib/thumb/v7e-m+fp/hard/crt0.o
LOAD ./Core/Src/main.o
LOAD ./Core/Src/stm32f4xx_hal_msp.o
LOAD ./Core/Src/stm32f4xx_it.o
LOAD ./Core/Src/syscalls.o
LOAD ./Core/Src/sysmem.o
LOAD ./Core/Src/system_stm32f4xx.o
LOAD ./Core/Startup/startup_stm32f407vgtx.o
LOAD ./Drivers/STM32F4xx_HAL_Driver/Src/stm32f4xx_hal.o
LOAD ./Drivers/STM32F4xx_HAL_Driver/Src/stm32f4xx_hal_cortex.o
LOAD ./Drivers/STM32F4xx_HAL_Driver/Src/stm32f4xx_hal_dma.o
LOAD ./Drivers/STM32F4xx_HAL_Driver/Src/stm32f4xx_hal_dma_ex.o
LOAD ./Drivers/STM32F4xx_HAL_Driver/Src/stm32f4xx_hal_exti.o
LOAD ./Drivers/STM32F4xx_HAL_Driver/Src/stm32f4xx_hal_flash.o
LOAD ./Drivers/STM32F4xx_HAL_Driver/Src/stm32f4xx_hal_flash_ex.o
LOAD ./Drivers/STM32F4xx_HAL_Driver/Src/stm32f4xx_hal_flash_ramfunc.o
LOAD ./Drivers/STM32F4xx_HAL_Driver/Src/stm32f4xx_hal_gpio.o
LOAD ./Drivers/STM32F4xx_HAL_Driver/Src/stm32f4xx_hal_hcd.o
LOAD ./Drivers/STM32F4xx_HAL_Driver/Src/stm32f4xx_hal_pwr.o
LOAD ./Drivers/STM32F4xx_HAL_Driver/Src/stm32f4xx_hal_pwr_ex.o
LOAD ./Drivers/STM32F4xx_HAL_Driver/Src/stm32f4xx_hal_rcc.o
LOAD ./Drivers/STM32F4xx_HAL_Driver/Src/stm32f4xx_hal_rcc_ex.o
LOAD ./Drivers/STM32F4xx_HAL_Driver/Src/stm32f4xx_hal_uart.o
LOAD ./Drivers/STM32F4xx_HAL_Driver/Src/stm32f4xx_ll_usb.o
LOAD ./Middlewares/ST/STM32_USB_Host_Library/Class/HID/Src/usbh_hid.o
LOAD ./Middlewares/ST/STM32_USB_Host_Library/Class/HID/Src/usbh_hid_keybd.o
LOAD ./Middlewares/ST/STM32_USB_Host_Library/Class/HID/Src/usbh_hid_mouse.o
LOAD ./Middlewares/ST/STM32_USB_Host_Library/Class/HID/Src/usbh_hid_parser.o
LOAD ./Middlewares/ST/STM32_USB_Host_Library/Core/Src/usbh_core.o
LOAD ./Middlewares/ST/STM32_USB_Host_Library/Core/Src/usbh_ctlreq.o
LOAD ./Middlewares/ST/STM32_USB_Host_Library/Core/Src/usbh_ioreq.o
LOAD ./Middlewares/ST/STM32_USB_Host_Library/Core/Src/usbh_pipes.o
LOAD ./USB_HOST/App/usb_host.o
LOAD ./USB_HOST/Target/usbh_conf.o
LOAD ./USB_HOST/Target/usbh_platform.o
START GROUP
LOAD D:/stm32ide/STM32CubeIDE_1.17.0/STM32CubeIDE/plugins/com.st.stm32cube.ide.mcu.externaltools.gnu-tools-for-stm32.12.3.rel1.win32_1.1.0.202410251130/tools/bin/../lib/gcc/arm-none-eabi/12.3.1/../../../../arm-none-eabi/lib/thumb/v7e-m+fp/hard\libc_nano.a
LOAD D:/stm32ide/STM32CubeIDE_1.17.0/STM32CubeIDE/plugins/com.st.stm32cube.ide.mcu.externaltools.gnu-tools-for-stm32.12.3.rel1.win32_1.1.0.202410251130/tools/bin/../lib/gcc/arm-none-eabi/12.3.1/../../../../arm-none-eabi/lib/thumb/v7e-m+fp/hard\libm.a
END GROUP
START GROUP
LOAD D:/stm32ide/STM32CubeIDE_1.17.0/STM32CubeIDE/plugins/com.st.stm32cube.ide.mcu.externaltools.gnu-tools-for-stm32.12.3.rel1.win32_1.1.0.202410251130/tools/bin/../lib/gcc/arm-none-eabi/12.3.1/thumb/v7e-m+fp/hard\libgcc.a
LOAD D:/stm32ide/STM32CubeIDE_1.17.0/STM32CubeIDE/plugins/com.st.stm32cube.ide.mcu.externaltools.gnu-tools-for-stm32.12.3.rel1.win32_1.1.0.202410251130/tools/bin/../lib/gcc/arm-none-eabi/12.3.1/../../../../arm-none-eabi/lib/thumb/v7e-m+fp/hard\libc_nano.a
END GROUP
START GROUP
LOAD D:/stm32ide/STM32CubeIDE_1.17.0/STM32CubeIDE/plugins/com.st.stm32cube.ide.mcu.externaltools.gnu-tools-for-stm32.12.3.rel1.win32_1.1.0.202410251130/tools/bin/../lib/gcc/arm-none-eabi/12.3.1/thumb/v7e-m+fp/hard\libgcc.a
LOAD D:/stm32ide/STM32CubeIDE_1.17.0/STM32CubeIDE/plugins/com.st.stm32cube.ide.mcu.externaltools.gnu-tools-for-stm32.12.3.rel1.win32_1.1.0.202410251130/tools/bin/../lib/gcc/arm-none-eabi/12.3.1/../../../../arm-none-eabi/lib/thumb/v7e-m+fp/hard\libc_nano.a
LOAD D:/stm32ide/STM32CubeIDE_1.17.0/STM32CubeIDE/plugins/com.st.stm32cube.ide.mcu.externaltools.gnu-tools-for-stm32.12.3.rel1.win32_1.1.0.202410251130/tools/bin/../lib/gcc/arm-none-eabi/12.3.1/../../../../arm-none-eabi/lib/thumb/v7e-m+fp/hard\libnosys.a
END GROUP
START GROUP
LOAD D:/stm32ide/STM32CubeIDE_1.17.0/STM32CubeIDE/plugins/com.st.stm32cube.ide.mcu.externaltools.gnu-tools-for-stm32.12.3.rel1.win32_1.1.0.202410251130/tools/bin/../lib/gcc/arm-none-eabi/12.3.1/thumb/v7e-m+fp/hard\libgcc.a
LOAD D:/stm32ide/STM32CubeIDE_1.17.0/STM32CubeIDE/plugins/com.st.stm32cube.ide.mcu.externaltools.gnu-tools-for-stm32.12.3.rel1.win32_1.1.0.202410251130/tools/bin/../lib/gcc/arm-none-eabi/12.3.1/../../../../arm-none-eabi/lib/thumb/v7e-m+fp/hard\libc_nano.a
LOAD D:/stm32ide/STM32CubeIDE_1.17.0/STM32CubeIDE/plugins/com.st.stm32cube.ide.mcu.externaltools.gnu-tools-for-stm32.12.3.rel1.win32_1.1.0.202410251130/tools/bin/../lib/gcc/arm-none-eabi/12.3.1/../../../../arm-none-eabi/lib/thumb/v7e-m+fp/hard\libnosys.a
END GROUP
LOAD D:/stm32ide/STM32CubeIDE_1.17.0/STM32CubeIDE/plugins/com.st.stm32cube.ide.mcu.externaltools.gnu-tools-for-stm32.12.3.rel1.win32_1.1.0.202410251130/tools/bin/../lib/gcc/arm-none-eabi/12.3.1/thumb/v7e-m+fp/hard/crtend.o
LOAD D:/stm32ide/STM32CubeIDE_1.17.0/STM32CubeIDE/plugins/com.st.stm32cube.ide.mcu.externaltools.gnu-tools-for-stm32.12.3.rel1.win32_1.1.0.202410251130/tools/bin/../lib/gcc/arm-none-eabi/12.3.1/thumb/v7e-m+fp/hard/crtn.o
                0x20020000                        _estack = (ORIGIN (RAM) + LENGTH (RAM))
                0x00000200                        _Min_Heap_Size = 0x200
                0x00000400                        _Min_Stack_Size = 0x400

.isr_vector     0x08000000      0x188
                0x08000000                        . = ALIGN (0x4)
 *(.isr_vector)
 .isr_vector    0x08000000      0x188 ./Core/Startup/startup_stm32f407vgtx.o
                0x08000000                g_pfnVectors
                0x08000188                        . = ALIGN (0x4)

.text           0x08000188     0x840c
                0x08000188                        . = ALIGN (0x4)
 *(.text)
 .text          0x08000188       0x40 D:/stm32ide/STM32CubeIDE_1.17.0/STM32CubeIDE/plugins/com.st.stm32cube.ide.mcu.externaltools.gnu-tools-for-stm32.12.3.rel1.win32_1.1.0.202410251130/tools/bin/../lib/gcc/arm-none-eabi/12.3.1/thumb/v7e-m+fp/hard/crtbegin.o
 .text          0x080001c8       0x30 D:/stm32ide/STM32CubeIDE_1.17.0/STM32CubeIDE/plugins/com.st.stm32cube.ide.mcu.externaltools.gnu-tools-for-stm32.12.3.rel1.win32_1.1.0.202410251130/tools/bin/../lib/gcc/arm-none-eabi/12.3.1/thumb/v7e-m+fp/hard\libgcc.a(_aeabi_uldivmod.o)
                0x080001c8                __aeabi_uldivmod
 .text          0x080001f8      0x2bc D:/stm32ide/STM32CubeIDE_1.17.0/STM32CubeIDE/plugins/com.st.stm32cube.ide.mcu.externaltools.gnu-tools-for-stm32.12.3.rel1.win32_1.1.0.202410251130/tools/bin/../lib/gcc/arm-none-eabi/12.3.1/thumb/v7e-m+fp/hard\libgcc.a(_udivmoddi4.o)
                0x080001f8                __udivmoddi4
 .text          0x080004b4        0x4 D:/stm32ide/STM32CubeIDE_1.17.0/STM32CubeIDE/plugins/com.st.stm32cube.ide.mcu.externaltools.gnu-tools-for-stm32.12.3.rel1.win32_1.1.0.202410251130/tools/bin/../lib/gcc/arm-none-eabi/12.3.1/thumb/v7e-m+fp/hard\libgcc.a(_dvmd_tls.o)
                0x080004b4                __aeabi_idiv0
                0x080004b4                __aeabi_ldiv0
 *(.text*)
 .text.USBH_HID_EventCallback
                0x080004b8       0xb8 ./Core/Src/main.o
                0x080004b8                USBH_HID_EventCallback
 .text.main     0x08000570       0x2c ./Core/Src/main.o
                0x08000570                main
 .text.SystemClock_Config
                0x0800059c       0xd4 ./Core/Src/main.o
                0x0800059c                SystemClock_Config
 .text.MX_USART2_UART_Init
                0x08000670       0x54 ./Core/Src/main.o
 .text.MX_GPIO_Init
                0x080006c4       0xec ./Core/Src/main.o
 .text.Error_Handler
                0x080007b0        0xc ./Core/Src/main.o
                0x080007b0                Error_Handler
 .text.HAL_MspInit
                0x080007bc       0x50 ./Core/Src/stm32f4xx_hal_msp.o
                0x080007bc                HAL_MspInit
 .text.HAL_UART_MspInit
                0x0800080c       0x90 ./Core/Src/stm32f4xx_hal_msp.o
                0x0800080c                HAL_UART_MspInit
 .text.NMI_Handler
                0x0800089c        0x8 ./Core/Src/stm32f4xx_it.o
                0x0800089c                NMI_Handler
 .text.HardFault_Handler
                0x080008a4        0x8 ./Core/Src/stm32f4xx_it.o
                0x080008a4                HardFault_Handler
 .text.MemManage_Handler
                0x080008ac        0x8 ./Core/Src/stm32f4xx_it.o
                0x080008ac                MemManage_Handler
 .text.BusFault_Handler
                0x080008b4        0x8 ./Core/Src/stm32f4xx_it.o
                0x080008b4                BusFault_Handler
 .text.UsageFault_Handler
                0x080008bc        0x8 ./Core/Src/stm32f4xx_it.o
                0x080008bc                UsageFault_Handler
 .text.SVC_Handler
                0x080008c4        0xe ./Core/Src/stm32f4xx_it.o
                0x080008c4                SVC_Handler
 .text.DebugMon_Handler
                0x080008d2        0xe ./Core/Src/stm32f4xx_it.o
                0x080008d2                DebugMon_Handler
 .text.PendSV_Handler
                0x080008e0        0xe ./Core/Src/stm32f4xx_it.o
                0x080008e0                PendSV_Handler
 .text.SysTick_Handler
                0x080008ee        0xc ./Core/Src/stm32f4xx_it.o
                0x080008ee                SysTick_Handler
 *fill*         0x080008fa        0x2 
 .text.OTG_FS_IRQHandler
                0x080008fc       0x14 ./Core/Src/stm32f4xx_it.o
                0x080008fc                OTG_FS_IRQHandler
 .text._sbrk    0x08000910       0x6c ./Core/Src/sysmem.o
                0x08000910                _sbrk
 .text.SystemInit
                0x0800097c       0x24 ./Core/Src/system_stm32f4xx.o
                0x0800097c                SystemInit
 .text.Reset_Handler
                0x080009a0       0x50 ./Core/Startup/startup_stm32f407vgtx.o
                0x080009a0                Reset_Handler
 .text.Default_Handler
                0x080009f0        0x2 ./Core/Startup/startup_stm32f407vgtx.o
                0x080009f0                RTC_Alarm_IRQHandler
                0x080009f0                HASH_RNG_IRQHandler
                0x080009f0                EXTI2_IRQHandler
                0x080009f0                TIM8_CC_IRQHandler
                0x080009f0                TIM1_CC_IRQHandler
                0x080009f0                DMA2_Stream5_IRQHandler
                0x080009f0                DMA1_Stream5_IRQHandler
                0x080009f0                PVD_IRQHandler
                0x080009f0                SDIO_IRQHandler
                0x080009f0                TAMP_STAMP_IRQHandler
                0x080009f0                CAN2_RX1_IRQHandler
                0x080009f0                EXTI3_IRQHandler
                0x080009f0                TIM8_TRG_COM_TIM14_IRQHandler
                0x080009f0                TIM1_UP_TIM10_IRQHandler
                0x080009f0                TIM8_UP_TIM13_IRQHandler
                0x080009f0                I2C3_ER_IRQHandler
                0x080009f0                EXTI0_IRQHandler
                0x080009f0                I2C2_EV_IRQHandler
                0x080009f0                DMA1_Stream2_IRQHandler
                0x080009f0                CAN1_RX0_IRQHandler
                0x080009f0                FPU_IRQHandler
                0x080009f0                OTG_HS_WKUP_IRQHandler
                0x080009f0                CAN2_SCE_IRQHandler
                0x080009f0                DMA2_Stream2_IRQHandler
                0x080009f0                SPI1_IRQHandler
                0x080009f0                TIM6_DAC_IRQHandler
                0x080009f0                TIM1_BRK_TIM9_IRQHandler
                0x080009f0                DCMI_IRQHandler
                0x080009f0                CAN2_RX0_IRQHandler
                0x080009f0                DMA2_Stream3_IRQHandler
                0x080009f0                USART6_IRQHandler
                0x080009f0                USART3_IRQHandler
                0x080009f0                CAN1_RX1_IRQHandler
                0x080009f0                UART5_IRQHandler
                0x080009f0                DMA2_Stream0_IRQHandler
                0x080009f0                TIM4_IRQHandler
                0x080009f0                I2C1_EV_IRQHandler
                0x080009f0                DMA1_Stream6_IRQHandler
                0x080009f0                DMA1_Stream1_IRQHandler
                0x080009f0                UART4_IRQHandler
                0x080009f0                TIM3_IRQHandler
                0x080009f0                RCC_IRQHandler
                0x080009f0                TIM8_BRK_TIM12_IRQHandler
                0x080009f0                Default_Handler
                0x080009f0                EXTI15_10_IRQHandler
                0x080009f0                ADC_IRQHandler
                0x080009f0                DMA1_Stream7_IRQHandler
                0x080009f0                TIM7_IRQHandler
                0x080009f0                CAN2_TX_IRQHandler
                0x080009f0                TIM5_IRQHandler
                0x080009f0                DMA2_Stream7_IRQHandler
                0x080009f0                I2C3_EV_IRQHandler
                0x080009f0                EXTI9_5_IRQHandler
                0x080009f0                RTC_WKUP_IRQHandler
                0x080009f0                ETH_WKUP_IRQHandler
                0x080009f0                SPI2_IRQHandler
                0x080009f0                OTG_HS_EP1_IN_IRQHandler
                0x080009f0                DMA1_Stream0_IRQHandler
                0x080009f0                CAN1_TX_IRQHandler
                0x080009f0                EXTI4_IRQHandler
                0x080009f0                FSMC_IRQHandler
                0x080009f0                ETH_IRQHandler
                0x080009f0                OTG_HS_EP1_OUT_IRQHandler
                0x080009f0                WWDG_IRQHandler
                0x080009f0                TIM2_IRQHandler
                0x080009f0                OTG_FS_WKUP_IRQHandler
                0x080009f0                TIM1_TRG_COM_TIM11_IRQHandler
                0x080009f0                OTG_HS_IRQHandler
                0x080009f0                EXTI1_IRQHandler
                0x080009f0                USART2_IRQHandler
                0x080009f0                I2C2_ER_IRQHandler
                0x080009f0                DMA2_Stream1_IRQHandler
                0x080009f0                CAN1_SCE_IRQHandler
                0x080009f0                FLASH_IRQHandler
                0x080009f0                DMA2_Stream4_IRQHandler
                0x080009f0                USART1_IRQHandler
                0x080009f0                SPI3_IRQHandler
                0x080009f0                DMA1_Stream4_IRQHandler
                0x080009f0                I2C1_ER_IRQHandler
                0x080009f0                DMA2_Stream6_IRQHandler
                0x080009f0                DMA1_Stream3_IRQHandler
 *fill*         0x080009f2        0x2 
 .text.HAL_Init
                0x080009f4       0x44 ./Drivers/STM32F4xx_HAL_Driver/Src/stm32f4xx_hal.o
                0x080009f4                HAL_Init
 .text.HAL_InitTick
                0x08000a38       0x60 ./Drivers/STM32F4xx_HAL_Driver/Src/stm32f4xx_hal.o
                0x08000a38                HAL_InitTick
 .text.HAL_IncTick
                0x08000a98       0x28 ./Drivers/STM32F4xx_HAL_Driver/Src/stm32f4xx_hal.o
                0x08000a98                HAL_IncTick
 .text.HAL_GetTick
                0x08000ac0       0x18 ./Drivers/STM32F4xx_HAL_Driver/Src/stm32f4xx_hal.o
                0x08000ac0                HAL_GetTick
 .text.HAL_Delay
                0x08000ad8       0x48 ./Drivers/STM32F4xx_HAL_Driver/Src/stm32f4xx_hal.o
                0x08000ad8                HAL_Delay
 .text.__NVIC_SetPriorityGrouping
                0x08000b20       0x48 ./Drivers/STM32F4xx_HAL_Driver/Src/stm32f4xx_hal_cortex.o
 .text.__NVIC_GetPriorityGrouping
                0x08000b68       0x1c ./Drivers/STM32F4xx_HAL_Driver/Src/stm32f4xx_hal_cortex.o
 .text.__NVIC_EnableIRQ
                0x08000b84       0x3c ./Drivers/STM32F4xx_HAL_Driver/Src/stm32f4xx_hal_cortex.o
 .text.__NVIC_SetPriority
                0x08000bc0       0x54 ./Drivers/STM32F4xx_HAL_Driver/Src/stm32f4xx_hal_cortex.o
 .text.NVIC_EncodePriority
                0x08000c14       0x66 ./Drivers/STM32F4xx_HAL_Driver/Src/stm32f4xx_hal_cortex.o
 *fill*         0x08000c7a        0x2 
 .text.SysTick_Config
                0x08000c7c       0x44 ./Drivers/STM32F4xx_HAL_Driver/Src/stm32f4xx_hal_cortex.o
 .text.HAL_NVIC_SetPriorityGrouping
                0x08000cc0       0x16 ./Drivers/STM32F4xx_HAL_Driver/Src/stm32f4xx_hal_cortex.o
                0x08000cc0                HAL_NVIC_SetPriorityGrouping
 .text.HAL_NVIC_SetPriority
                0x08000cd6       0x38 ./Drivers/STM32F4xx_HAL_Driver/Src/stm32f4xx_hal_cortex.o
                0x08000cd6                HAL_NVIC_SetPriority
 .text.HAL_NVIC_EnableIRQ
                0x08000d0e       0x1c ./Drivers/STM32F4xx_HAL_Driver/Src/stm32f4xx_hal_cortex.o
                0x08000d0e                HAL_NVIC_EnableIRQ
 .text.HAL_SYSTICK_Config
                0x08000d2a       0x18 ./Drivers/STM32F4xx_HAL_Driver/Src/stm32f4xx_hal_cortex.o
                0x08000d2a                HAL_SYSTICK_Config
 *fill*         0x08000d42        0x2 
 .text.HAL_GPIO_Init
                0x08000d44      0x338 ./Drivers/STM32F4xx_HAL_Driver/Src/stm32f4xx_hal_gpio.o
                0x08000d44                HAL_GPIO_Init
 .text.HAL_GPIO_WritePin
                0x0800107c       0x32 ./Drivers/STM32F4xx_HAL_Driver/Src/stm32f4xx_hal_gpio.o
                0x0800107c                HAL_GPIO_WritePin
 .text.HAL_HCD_Init
                0x080010ae       0xce ./Drivers/STM32F4xx_HAL_Driver/Src/stm32f4xx_hal_hcd.o
                0x080010ae                HAL_HCD_Init
 .text.HAL_HCD_HC_Init
                0x0800117c      0x170 ./Drivers/STM32F4xx_HAL_Driver/Src/stm32f4xx_hal_hcd.o
                0x0800117c                HAL_HCD_HC_Init
 .text.HAL_HCD_HC_Halt
                0x080012ec       0x46 ./Drivers/STM32F4xx_HAL_Driver/Src/stm32f4xx_hal_hcd.o
                0x080012ec                HAL_HCD_HC_Halt
 *fill*         0x08001332        0x2 
 .text.HAL_HCD_HC_SubmitRequest
                0x08001334      0x33c ./Drivers/STM32F4xx_HAL_Driver/Src/stm32f4xx_hal_hcd.o
                0x08001334                HAL_HCD_HC_SubmitRequest
 .text.HAL_HCD_IRQHandler
                0x08001670      0x220 ./Drivers/STM32F4xx_HAL_Driver/Src/stm32f4xx_hal_hcd.o
                0x08001670                HAL_HCD_IRQHandler
 .text.HAL_HCD_Start
                0x08001890       0x46 ./Drivers/STM32F4xx_HAL_Driver/Src/stm32f4xx_hal_hcd.o
                0x08001890                HAL_HCD_Start
 .text.HAL_HCD_Stop
                0x080018d6       0x3a ./Drivers/STM32F4xx_HAL_Driver/Src/stm32f4xx_hal_hcd.o
                0x080018d6                HAL_HCD_Stop
 .text.HAL_HCD_ResetPort
                0x08001910       0x1c ./Drivers/STM32F4xx_HAL_Driver/Src/stm32f4xx_hal_hcd.o
                0x08001910                HAL_HCD_ResetPort
 .text.HAL_HCD_HC_GetURBState
                0x0800192c       0x2a ./Drivers/STM32F4xx_HAL_Driver/Src/stm32f4xx_hal_hcd.o
                0x0800192c                HAL_HCD_HC_GetURBState
 .text.HAL_HCD_HC_GetXferCount
                0x08001956       0x2a ./Drivers/STM32F4xx_HAL_Driver/Src/stm32f4xx_hal_hcd.o
                0x08001956                HAL_HCD_HC_GetXferCount
 .text.HAL_HCD_GetCurrentFrame
                0x08001980       0x1c ./Drivers/STM32F4xx_HAL_Driver/Src/stm32f4xx_hal_hcd.o
                0x08001980                HAL_HCD_GetCurrentFrame
 .text.HAL_HCD_GetCurrentSpeed
                0x0800199c       0x1c ./Drivers/STM32F4xx_HAL_Driver/Src/stm32f4xx_hal_hcd.o
                0x0800199c                HAL_HCD_GetCurrentSpeed
 .text.HAL_HCD_HC_ClearHubInfo
                0x080019b8       0x6a ./Drivers/STM32F4xx_HAL_Driver/Src/stm32f4xx_hal_hcd.o
                0x080019b8                HAL_HCD_HC_ClearHubInfo
 .text.HCD_HC_IN_IRQHandler
                0x08001a22      0xcd2 ./Drivers/STM32F4xx_HAL_Driver/Src/stm32f4xx_hal_hcd.o
 .text.HCD_HC_OUT_IRQHandler
                0x080026f4      0x97e ./Drivers/STM32F4xx_HAL_Driver/Src/stm32f4xx_hal_hcd.o
 .text.HCD_RXQLVL_IRQHandler
                0x08003072      0x1be ./Drivers/STM32F4xx_HAL_Driver/Src/stm32f4xx_hal_hcd.o
 .text.HCD_Port_IRQHandler
                0x08003230       0xe6 ./Drivers/STM32F4xx_HAL_Driver/Src/stm32f4xx_hal_hcd.o
 *fill*         0x08003316        0x2 
 .text.HAL_RCC_OscConfig
                0x08003318      0x4f0 ./Drivers/STM32F4xx_HAL_Driver/Src/stm32f4xx_hal_rcc.o
                0x08003318                HAL_RCC_OscConfig
 .text.HAL_RCC_ClockConfig
                0x08003808      0x1cc ./Drivers/STM32F4xx_HAL_Driver/Src/stm32f4xx_hal_rcc.o
                0x08003808                HAL_RCC_ClockConfig
 .text.HAL_RCC_GetSysClockFreq
                0x080039d4      0x20c ./Drivers/STM32F4xx_HAL_Driver/Src/stm32f4xx_hal_rcc.o
                0x080039d4                HAL_RCC_GetSysClockFreq
 .text.HAL_RCC_GetHCLKFreq
                0x08003be0       0x18 ./Drivers/STM32F4xx_HAL_Driver/Src/stm32f4xx_hal_rcc.o
                0x08003be0                HAL_RCC_GetHCLKFreq
 .text.HAL_RCC_GetPCLK1Freq
                0x08003bf8       0x28 ./Drivers/STM32F4xx_HAL_Driver/Src/stm32f4xx_hal_rcc.o
                0x08003bf8                HAL_RCC_GetPCLK1Freq
 .text.HAL_RCC_GetPCLK2Freq
                0x08003c20       0x28 ./Drivers/STM32F4xx_HAL_Driver/Src/stm32f4xx_hal_rcc.o
                0x08003c20                HAL_RCC_GetPCLK2Freq
 .text.HAL_UART_Init
                0x08003c48       0xa0 ./Drivers/STM32F4xx_HAL_Driver/Src/stm32f4xx_hal_uart.o
                0x08003c48                HAL_UART_Init
 .text.UART_SetConfig
                0x08003ce8      0x4e8 ./Drivers/STM32F4xx_HAL_Driver/Src/stm32f4xx_hal_uart.o
 .text.USB_CoreInit
                0x080041d0       0xc8 ./Drivers/STM32F4xx_HAL_Driver/Src/stm32f4xx_ll_usb.o
                0x080041d0                USB_CoreInit
 .text.USB_EnableGlobalInt
                0x08004298       0x22 ./Drivers/STM32F4xx_HAL_Driver/Src/stm32f4xx_ll_usb.o
                0x08004298                USB_EnableGlobalInt
 .text.USB_DisableGlobalInt
                0x080042ba       0x22 ./Drivers/STM32F4xx_HAL_Driver/Src/stm32f4xx_ll_usb.o
                0x080042ba                USB_DisableGlobalInt
 .text.USB_SetCurrentMode
                0x080042dc       0x98 ./Drivers/STM32F4xx_HAL_Driver/Src/stm32f4xx_ll_usb.o
                0x080042dc                USB_SetCurrentMode
 .text.USB_FlushTxFifo
                0x08004374       0x64 ./Drivers/STM32F4xx_HAL_Driver/Src/stm32f4xx_ll_usb.o
                0x08004374                USB_FlushTxFifo
 .text.USB_FlushRxFifo
                0x080043d8       0x5c ./Drivers/STM32F4xx_HAL_Driver/Src/stm32f4xx_ll_usb.o
                0x080043d8                USB_FlushRxFifo
 .text.USB_WritePacket
                0x08004434       0x7c ./Drivers/STM32F4xx_HAL_Driver/Src/stm32f4xx_ll_usb.o
                0x08004434                USB_WritePacket
 .text.USB_ReadPacket
                0x080044b0       0xb0 ./Drivers/STM32F4xx_HAL_Driver/Src/stm32f4xx_ll_usb.o
                0x080044b0                USB_ReadPacket
 .text.USB_ReadInterrupts
                0x08004560       0x26 ./Drivers/STM32F4xx_HAL_Driver/Src/stm32f4xx_ll_usb.o
                0x08004560                USB_ReadInterrupts
 .text.USB_ReadChInterrupts
                0x08004586       0x42 ./Drivers/STM32F4xx_HAL_Driver/Src/stm32f4xx_ll_usb.o
                0x08004586                USB_ReadChInterrupts
 .text.USB_GetMode
                0x080045c8       0x1c ./Drivers/STM32F4xx_HAL_Driver/Src/stm32f4xx_ll_usb.o
                0x080045c8                USB_GetMode
 .text.USB_CoreReset
                0x080045e4       0x62 ./Drivers/STM32F4xx_HAL_Driver/Src/stm32f4xx_ll_usb.o
 *fill*         0x08004646        0x2 
 .text.USB_HostInit
                0x08004648      0x188 ./Drivers/STM32F4xx_HAL_Driver/Src/stm32f4xx_ll_usb.o
                0x08004648                USB_HostInit
 .text.USB_InitFSLSPClkSel
                0x080047d0       0x7a ./Drivers/STM32F4xx_HAL_Driver/Src/stm32f4xx_ll_usb.o
                0x080047d0                USB_InitFSLSPClkSel
 .text.USB_ResetPort
                0x0800484a       0x54 ./Drivers/STM32F4xx_HAL_Driver/Src/stm32f4xx_ll_usb.o
                0x0800484a                USB_ResetPort
 .text.USB_DriveVbus
                0x0800489e       0x72 ./Drivers/STM32F4xx_HAL_Driver/Src/stm32f4xx_ll_usb.o
                0x0800489e                USB_DriveVbus
 .text.USB_GetHostSpeed
                0x08004910       0x2e ./Drivers/STM32F4xx_HAL_Driver/Src/stm32f4xx_ll_usb.o
                0x08004910                USB_GetHostSpeed
 .text.USB_GetCurrentFrame
                0x0800493e       0x22 ./Drivers/STM32F4xx_HAL_Driver/Src/stm32f4xx_ll_usb.o
                0x0800493e                USB_GetCurrentFrame
 .text.USB_HC_Init
                0x08004960      0x258 ./Drivers/STM32F4xx_HAL_Driver/Src/stm32f4xx_ll_usb.o
                0x08004960                USB_HC_Init
 .text.USB_HC_StartXfer
                0x08004bb8      0x4f4 ./Drivers/STM32F4xx_HAL_Driver/Src/stm32f4xx_ll_usb.o
                0x08004bb8                USB_HC_StartXfer
 .text.USB_HC_ReadInterrupt
                0x080050ac       0x22 ./Drivers/STM32F4xx_HAL_Driver/Src/stm32f4xx_ll_usb.o
                0x080050ac                USB_HC_ReadInterrupt
 .text.USB_HC_Halt
                0x080050ce      0x240 ./Drivers/STM32F4xx_HAL_Driver/Src/stm32f4xx_ll_usb.o
                0x080050ce                USB_HC_Halt
 *fill*         0x0800530e        0x2 
 .text.USB_DoPing
                0x08005310       0x78 ./Drivers/STM32F4xx_HAL_Driver/Src/stm32f4xx_ll_usb.o
                0x08005310                USB_DoPing
 .text.USB_StopHost
                0x08005388      0x124 ./Drivers/STM32F4xx_HAL_Driver/Src/stm32f4xx_ll_usb.o
                0x08005388                USB_StopHost
 .text.USBH_HID_InterfaceInit
                0x080054ac      0x288 ./Middlewares/ST/STM32_USB_Host_Library/Class/HID/Src/usbh_hid.o
 .text.USBH_HID_InterfaceDeInit
                0x08005734       0x8c ./Middlewares/ST/STM32_USB_Host_Library/Class/HID/Src/usbh_hid.o
 .text.USBH_HID_ClassRequest
                0x080057c0       0xfc ./Middlewares/ST/STM32_USB_Host_Library/Class/HID/Src/usbh_hid.o
 .text.USBH_HID_Process
                0x080058bc      0x1a4 ./Middlewares/ST/STM32_USB_Host_Library/Class/HID/Src/usbh_hid.o
 .text.USBH_HID_SOFProcess
                0x08005a60       0x42 ./Middlewares/ST/STM32_USB_Host_Library/Class/HID/Src/usbh_hid.o
 .text.USBH_HID_GetHIDReportDescriptor
                0x08005aa2       0x3e ./Middlewares/ST/STM32_USB_Host_Library/Class/HID/Src/usbh_hid.o
                0x08005aa2                USBH_HID_GetHIDReportDescriptor
 .text.USBH_HID_SetIdle
                0x08005ae0       0x50 ./Middlewares/ST/STM32_USB_Host_Library/Class/HID/Src/usbh_hid.o
                0x08005ae0                USBH_HID_SetIdle
 .text.USBH_HID_GetReport
                0x08005b30       0x58 ./Middlewares/ST/STM32_USB_Host_Library/Class/HID/Src/usbh_hid.o
                0x08005b30                USBH_HID_GetReport
 .text.USBH_HID_SetProtocol
                0x08005b88       0x4c ./Middlewares/ST/STM32_USB_Host_Library/Class/HID/Src/usbh_hid.o
                0x08005b88                USBH_HID_SetProtocol
 .text.USBH_HID_ParseHIDDesc
                0x08005bd4       0xb6 ./Middlewares/ST/STM32_USB_Host_Library/Class/HID/Src/usbh_hid.o
 .text.USBH_HID_GetDeviceType
                0x08005c8a       0x54 ./Middlewares/ST/STM32_USB_Host_Library/Class/HID/Src/usbh_hid.o
                0x08005c8a                USBH_HID_GetDeviceType
 .text.USBH_HID_FifoInit
                0x08005cde       0x38 ./Middlewares/ST/STM32_USB_Host_Library/Class/HID/Src/usbh_hid.o
                0x08005cde                USBH_HID_FifoInit
 .text.USBH_HID_FifoRead
                0x08005d16       0x92 ./Middlewares/ST/STM32_USB_Host_Library/Class/HID/Src/usbh_hid.o
                0x08005d16                USBH_HID_FifoRead
 .text.USBH_HID_FifoWrite
                0x08005da8       0xa8 ./Middlewares/ST/STM32_USB_Host_Library/Class/HID/Src/usbh_hid.o
                0x08005da8                USBH_HID_FifoWrite
 .text.USBH_HID_KeybdInit
                0x08005e50       0xa8 ./Middlewares/ST/STM32_USB_Host_Library/Class/HID/Src/usbh_hid_keybd.o
                0x08005e50                USBH_HID_KeybdInit
 .text.USBH_HID_GetKeybdInfo
                0x08005ef8       0x28 ./Middlewares/ST/STM32_USB_Host_Library/Class/HID/Src/usbh_hid_keybd.o
                0x08005ef8                USBH_HID_GetKeybdInfo
 .text.USBH_HID_KeybdDecode
                0x08005f20      0x128 ./Middlewares/ST/STM32_USB_Host_Library/Class/HID/Src/usbh_hid_keybd.o
 .text.USBH_HID_GetASCIICode
                0x08006048       0x58 ./Middlewares/ST/STM32_USB_Host_Library/Class/HID/Src/usbh_hid_keybd.o
                0x08006048                USBH_HID_GetASCIICode
 .text.USBH_HID_MouseInit
                0x080060a0       0x94 ./Middlewares/ST/STM32_USB_Host_Library/Class/HID/Src/usbh_hid_mouse.o
                0x080060a0                USBH_HID_MouseInit
 .text.USBH_HID_GetMouseInfo
                0x08006134       0x28 ./Middlewares/ST/STM32_USB_Host_Library/Class/HID/Src/usbh_hid_mouse.o
                0x08006134                USBH_HID_GetMouseInfo
 .text.USBH_HID_MouseDecode
                0x0800615c       0xc0 ./Middlewares/ST/STM32_USB_Host_Library/Class/HID/Src/usbh_hid_mouse.o
 .text.HID_ReadItem
                0x0800621c      0x134 ./Middlewares/ST/STM32_USB_Host_Library/Class/HID/Src/usbh_hid_parser.o
                0x0800621c                HID_ReadItem
 .text.USBH_Init
                0x08006350       0x74 ./Middlewares/ST/STM32_USB_Host_Library/Core/Src/usbh_core.o
                0x08006350                USBH_Init
 .text.DeInitStateMachine
                0x080063c4       0xe6 ./Middlewares/ST/STM32_USB_Host_Library/Core/Src/usbh_core.o
 .text.USBH_RegisterClass
                0x080064aa       0x54 ./Middlewares/ST/STM32_USB_Host_Library/Core/Src/usbh_core.o
                0x080064aa                USBH_RegisterClass
 .text.USBH_SelectInterface
                0x080064fe       0x38 ./Middlewares/ST/STM32_USB_Host_Library/Core/Src/usbh_core.o
                0x080064fe                USBH_SelectInterface
 .text.USBH_FindInterface
                0x08006536       0x8c ./Middlewares/ST/STM32_USB_Host_Library/Core/Src/usbh_core.o
                0x08006536                USBH_FindInterface
 .text.USBH_Start
                0x080065c2       0x20 ./Middlewares/ST/STM32_USB_Host_Library/Core/Src/usbh_core.o
                0x080065c2                USBH_Start
 *fill*         0x080065e2        0x2 
 .text.USBH_Process
                0x080065e4      0x3d0 ./Middlewares/ST/STM32_USB_Host_Library/Core/Src/usbh_core.o
                0x080065e4                USBH_Process
 .text.USBH_HandleEnum
                0x080069b4      0x3c0 ./Middlewares/ST/STM32_USB_Host_Library/Core/Src/usbh_core.o
 .text.USBH_LL_SetTimer
                0x08006d74       0x1e ./Middlewares/ST/STM32_USB_Host_Library/Core/Src/usbh_core.o
                0x08006d74                USBH_LL_SetTimer
 .text.USBH_LL_IncTimer
                0x08006d92       0x24 ./Middlewares/ST/STM32_USB_Host_Library/Core/Src/usbh_core.o
                0x08006d92                USBH_LL_IncTimer
 .text.USBH_HandleSof
                0x08006db6       0x30 ./Middlewares/ST/STM32_USB_Host_Library/Core/Src/usbh_core.o
 .text.USBH_LL_PortEnabled
                0x08006de6       0x1c ./Middlewares/ST/STM32_USB_Host_Library/Core/Src/usbh_core.o
                0x08006de6                USBH_LL_PortEnabled
 .text.USBH_LL_PortDisabled
                0x08006e02       0x1c ./Middlewares/ST/STM32_USB_Host_Library/Core/Src/usbh_core.o
                0x08006e02                USBH_LL_PortDisabled
 .text.USBH_LL_Connect
                0x08006e1e       0x2e ./Middlewares/ST/STM32_USB_Host_Library/Core/Src/usbh_core.o
                0x08006e1e                USBH_LL_Connect
 .text.USBH_LL_Disconnect
                0x08006e4c       0x48 ./Middlewares/ST/STM32_USB_Host_Library/Core/Src/usbh_core.o
                0x08006e4c                USBH_LL_Disconnect
 .text.USBH_Get_DevDesc
                0x08006e94       0x58 ./Middlewares/ST/STM32_USB_Host_Library/Core/Src/usbh_ctlreq.o
                0x08006e94                USBH_Get_DevDesc
 .text.USBH_Get_CfgDesc
                0x08006eec       0x54 ./Middlewares/ST/STM32_USB_Host_Library/Core/Src/usbh_ctlreq.o
                0x08006eec                USBH_Get_CfgDesc
 .text.USBH_Get_StringDesc
                0x08006f40       0x68 ./Middlewares/ST/STM32_USB_Host_Library/Core/Src/usbh_ctlreq.o
                0x08006f40                USBH_Get_StringDesc
 .text.USBH_GetDescriptor
                0x08006fa8       0x6a ./Middlewares/ST/STM32_USB_Host_Library/Core/Src/usbh_ctlreq.o
                0x08006fa8                USBH_GetDescriptor
 .text.USBH_SetAddress
                0x08007012       0x48 ./Middlewares/ST/STM32_USB_Host_Library/Core/Src/usbh_ctlreq.o
                0x08007012                USBH_SetAddress
 .text.USBH_SetCfg
                0x0800705a       0x46 ./Middlewares/ST/STM32_USB_Host_Library/Core/Src/usbh_ctlreq.o
                0x0800705a                USBH_SetCfg
 .text.USBH_SetFeature
                0x080070a0       0x48 ./Middlewares/ST/STM32_USB_Host_Library/Core/Src/usbh_ctlreq.o
                0x080070a0                USBH_SetFeature
 .text.USBH_ClrFeature
                0x080070e8       0x48 ./Middlewares/ST/STM32_USB_Host_Library/Core/Src/usbh_ctlreq.o
                0x080070e8                USBH_ClrFeature
 .text.USBH_ParseDevDesc
                0x08007130      0x160 ./Middlewares/ST/STM32_USB_Host_Library/Core/Src/usbh_ctlreq.o
 .text.USBH_ParseCfgDesc
                0x08007290      0x1f0 ./Middlewares/ST/STM32_USB_Host_Library/Core/Src/usbh_ctlreq.o
 .text.USBH_ParseInterfaceDesc
                0x08007480       0x68 ./Middlewares/ST/STM32_USB_Host_Library/Core/Src/usbh_ctlreq.o
 .text.USBH_ParseEPDesc
                0x080074e8      0x1d0 ./Middlewares/ST/STM32_USB_Host_Library/Core/Src/usbh_ctlreq.o
 .text.USBH_ParseStringDesc
                0x080076b8       0x66 ./Middlewares/ST/STM32_USB_Host_Library/Core/Src/usbh_ctlreq.o
 .text.USBH_GetNextDesc
                0x0800771e       0x34 ./Middlewares/ST/STM32_USB_Host_Library/Core/Src/usbh_ctlreq.o
                0x0800771e                USBH_GetNextDesc
 .text.USBH_CtlReq
                0x08007752       0x7a ./Middlewares/ST/STM32_USB_Host_Library/Core/Src/usbh_ctlreq.o
                0x08007752                USBH_CtlReq
 .text.USBH_HandleControl
                0x080077cc      0x2e8 ./Middlewares/ST/STM32_USB_Host_Library/Core/Src/usbh_ctlreq.o
 .text.USBH_CtlSendSetup
                0x08007ab4       0x34 ./Middlewares/ST/STM32_USB_Host_Library/Core/Src/usbh_ioreq.o
                0x08007ab4                USBH_CtlSendSetup
 .text.USBH_CtlSendData
                0x08007ae8       0x4a ./Middlewares/ST/STM32_USB_Host_Library/Core/Src/usbh_ioreq.o
                0x08007ae8                USBH_CtlSendData
 .text.USBH_CtlReceiveData
                0x08007b32       0x3c ./Middlewares/ST/STM32_USB_Host_Library/Core/Src/usbh_ioreq.o
                0x08007b32                USBH_CtlReceiveData
 .text.USBH_InterruptReceiveData
                0x08007b6e       0x3e ./Middlewares/ST/STM32_USB_Host_Library/Core/Src/usbh_ioreq.o
                0x08007b6e                USBH_InterruptReceiveData
 .text.USBH_OpenPipe
                0x08007bac       0x3e ./Middlewares/ST/STM32_USB_Host_Library/Core/Src/usbh_pipes.o
                0x08007bac                USBH_OpenPipe
 .text.USBH_ClosePipe
                0x08007bea       0x20 ./Middlewares/ST/STM32_USB_Host_Library/Core/Src/usbh_pipes.o
                0x08007bea                USBH_ClosePipe
 .text.USBH_AllocPipe
                0x08007c0a       0x42 ./Middlewares/ST/STM32_USB_Host_Library/Core/Src/usbh_pipes.o
                0x08007c0a                USBH_AllocPipe
 .text.USBH_FreePipe
                0x08007c4c       0x3c ./Middlewares/ST/STM32_USB_Host_Library/Core/Src/usbh_pipes.o
                0x08007c4c                USBH_FreePipe
 .text.USBH_GetFreePipe
                0x08007c88       0x48 ./Middlewares/ST/STM32_USB_Host_Library/Core/Src/usbh_pipes.o
 .text.MX_USB_HOST_Init
                0x08007cd0       0x4c ./USB_HOST/App/usb_host.o
                0x08007cd0                MX_USB_HOST_Init
 .text.MX_USB_HOST_Process
                0x08007d1c       0x14 ./USB_HOST/App/usb_host.o
                0x08007d1c                MX_USB_HOST_Process
 .text.USBH_UserProcess
                0x08007d30       0x5c ./USB_HOST/App/usb_host.o
 .text.HAL_HCD_MspInit
                0x08007d8c       0xc4 ./USB_HOST/Target/usbh_conf.o
                0x08007d8c                HAL_HCD_MspInit
 .text.HAL_HCD_SOF_Callback
                0x08007e50       0x1c ./USB_HOST/Target/usbh_conf.o
                0x08007e50                HAL_HCD_SOF_Callback
 .text.HAL_HCD_Connect_Callback
                0x08007e6c       0x1c ./USB_HOST/Target/usbh_conf.o
                0x08007e6c                HAL_HCD_Connect_Callback
 .text.HAL_HCD_Disconnect_Callback
                0x08007e88       0x1c ./USB_HOST/Target/usbh_conf.o
                0x08007e88                HAL_HCD_Disconnect_Callback
 .text.HAL_HCD_HC_NotifyURBChange_Callback
                0x08007ea4       0x1c ./USB_HOST/Target/usbh_conf.o
                0x08007ea4                HAL_HCD_HC_NotifyURBChange_Callback
 .text.HAL_HCD_PortEnabled_Callback
                0x08007ec0       0x1c ./USB_HOST/Target/usbh_conf.o
                0x08007ec0                HAL_HCD_PortEnabled_Callback
 .text.HAL_HCD_PortDisabled_Callback
                0x08007edc       0x1c ./USB_HOST/Target/usbh_conf.o
                0x08007edc                HAL_HCD_PortDisabled_Callback
 .text.USBH_LL_Init
                0x08007ef8       0x78 ./USB_HOST/Target/usbh_conf.o
                0x08007ef8                USBH_LL_Init
 .text.USBH_LL_Start
                0x08007f70       0x36 ./USB_HOST/Target/usbh_conf.o
                0x08007f70                USBH_LL_Start
 .text.USBH_LL_Stop
                0x08007fa6       0x36 ./USB_HOST/Target/usbh_conf.o
                0x08007fa6                USBH_LL_Stop
 .text.USBH_LL_GetSpeed
                0x08007fdc       0x4e ./USB_HOST/Target/usbh_conf.o
                0x08007fdc                USBH_LL_GetSpeed
 .text.USBH_LL_ResetPort
                0x0800802a       0x36 ./USB_HOST/Target/usbh_conf.o
                0x0800802a                USBH_LL_ResetPort
 .text.USBH_LL_GetLastXferSize
                0x08008060       0x26 ./USB_HOST/Target/usbh_conf.o
                0x08008060                USBH_LL_GetLastXferSize
 .text.USBH_LL_OpenPipe
                0x08008086       0x5e ./USB_HOST/Target/usbh_conf.o
                0x08008086                USBH_LL_OpenPipe
 .text.USBH_LL_ClosePipe
                0x080080e4       0x3e ./USB_HOST/Target/usbh_conf.o
                0x080080e4                USBH_LL_ClosePipe
 .text.USBH_LL_SubmitURB
                0x08008122       0x62 ./USB_HOST/Target/usbh_conf.o
                0x08008122                USBH_LL_SubmitURB
 .text.USBH_LL_GetURBState
                0x08008184       0x26 ./USB_HOST/Target/usbh_conf.o
                0x08008184                USBH_LL_GetURBState
 .text.USBH_LL_DriverVBUS
                0x080081aa       0x2e ./USB_HOST/Target/usbh_conf.o
                0x080081aa                USBH_LL_DriverVBUS
 .text.USBH_LL_SetToggle
                0x080081d8       0x66 ./USB_HOST/Target/usbh_conf.o
                0x080081d8                USBH_LL_SetToggle
 .text.USBH_Delay
                0x0800823e       0x16 ./USB_HOST/Target/usbh_conf.o
                0x0800823e                USBH_Delay
 .text.USBH_Get_USB_Status
                0x08008254       0x58 ./USB_HOST/Target/usbh_conf.o
                0x08008254                USBH_Get_USB_Status
 .text.MX_DriverVbusFS
                0x080082ac       0x38 ./USB_HOST/Target/usbh_platform.o
                0x080082ac                MX_DriverVbusFS
 .text.malloc   0x080082e4       0x10 D:/stm32ide/STM32CubeIDE_1.17.0/STM32CubeIDE/plugins/com.st.stm32cube.ide.mcu.externaltools.gnu-tools-for-stm32.12.3.rel1.win32_1.1.0.202410251130/tools/bin/../lib/gcc/arm-none-eabi/12.3.1/../../../../arm-none-eabi/lib/thumb/v7e-m+fp/hard\libc_nano.a(libc_a-malloc.o)
                0x080082e4                malloc
 .text.free     0x080082f4       0x10 D:/stm32ide/STM32CubeIDE_1.17.0/STM32CubeIDE/plugins/com.st.stm32cube.ide.mcu.externaltools.gnu-tools-for-stm32.12.3.rel1.win32_1.1.0.202410251130/tools/bin/../lib/gcc/arm-none-eabi/12.3.1/../../../../arm-none-eabi/lib/thumb/v7e-m+fp/hard\libc_nano.a(libc_a-malloc.o)
                0x080082f4                free
 .text.sbrk_aligned
                0x08008304       0x44 D:/stm32ide/STM32CubeIDE_1.17.0/STM32CubeIDE/plugins/com.st.stm32cube.ide.mcu.externaltools.gnu-tools-for-stm32.12.3.rel1.win32_1.1.0.202410251130/tools/bin/../lib/gcc/arm-none-eabi/12.3.1/../../../../arm-none-eabi/lib/thumb/v7e-m+fp/hard\libc_nano.a(libc_a-mallocr.o)
 .text._malloc_r
                0x08008348      0x100 D:/stm32ide/STM32CubeIDE_1.17.0/STM32CubeIDE/plugins/com.st.stm32cube.ide.mcu.externaltools.gnu-tools-for-stm32.12.3.rel1.win32_1.1.0.202410251130/tools/bin/../lib/gcc/arm-none-eabi/12.3.1/../../../../arm-none-eabi/lib/thumb/v7e-m+fp/hard\libc_nano.a(libc_a-mallocr.o)
                0x08008348                _malloc_r
 .text.__malloc_lock
                0x08008448        0xc D:/stm32ide/STM32CubeIDE_1.17.0/STM32CubeIDE/plugins/com.st.stm32cube.ide.mcu.externaltools.gnu-tools-for-stm32.12.3.rel1.win32_1.1.0.202410251130/tools/bin/../lib/gcc/arm-none-eabi/12.3.1/../../../../arm-none-eabi/lib/thumb/v7e-m+fp/hard\libc_nano.a(libc_a-mlock.o)
                0x08008448                __malloc_lock
 .text.__malloc_unlock
                0x08008454        0xc D:/stm32ide/STM32CubeIDE_1.17.0/STM32CubeIDE/plugins/com.st.stm32cube.ide.mcu.externaltools.gnu-tools-for-stm32.12.3.rel1.win32_1.1.0.202410251130/tools/bin/../lib/gcc/arm-none-eabi/12.3.1/../../../../arm-none-eabi/lib/thumb/v7e-m+fp/hard\libc_nano.a(libc_a-mlock.o)
                0x08008454                __malloc_unlock
 .text.memset   0x08008460       0x10 D:/stm32ide/STM32CubeIDE_1.17.0/STM32CubeIDE/plugins/com.st.stm32cube.ide.mcu.externaltools.gnu-tools-for-stm32.12.3.rel1.win32_1.1.0.202410251130/tools/bin/../lib/gcc/arm-none-eabi/12.3.1/../../../../arm-none-eabi/lib/thumb/v7e-m+fp/hard\libc_nano.a(libc_a-memset.o)
                0x08008460                memset
 .text._sbrk_r  0x08008470       0x20 D:/stm32ide/STM32CubeIDE_1.17.0/STM32CubeIDE/plugins/com.st.stm32cube.ide.mcu.externaltools.gnu-tools-for-stm32.12.3.rel1.win32_1.1.0.202410251130/tools/bin/../lib/gcc/arm-none-eabi/12.3.1/../../../../arm-none-eabi/lib/thumb/v7e-m+fp/hard\libc_nano.a(libc_a-sbrkr.o)
                0x08008470                _sbrk_r
 .text.__errno  0x08008490        0xc D:/stm32ide/STM32CubeIDE_1.17.0/STM32CubeIDE/plugins/com.st.stm32cube.ide.mcu.externaltools.gnu-tools-for-stm32.12.3.rel1.win32_1.1.0.202410251130/tools/bin/../lib/gcc/arm-none-eabi/12.3.1/../../../../arm-none-eabi/lib/thumb/v7e-m+fp/hard\libc_nano.a(libc_a-errno.o)
                0x08008490                __errno
 .text.__libc_init_array
                0x0800849c       0x48 D:/stm32ide/STM32CubeIDE_1.17.0/STM32CubeIDE/plugins/com.st.stm32cube.ide.mcu.externaltools.gnu-tools-for-stm32.12.3.rel1.win32_1.1.0.202410251130/tools/bin/../lib/gcc/arm-none-eabi/12.3.1/../../../../arm-none-eabi/lib/thumb/v7e-m+fp/hard\libc_nano.a(libc_a-init.o)
                0x0800849c                __libc_init_array
 .text.__retarget_lock_acquire_recursive
                0x080084e4        0x2 D:/stm32ide/STM32CubeIDE_1.17.0/STM32CubeIDE/plugins/com.st.stm32cube.ide.mcu.externaltools.gnu-tools-for-stm32.12.3.rel1.win32_1.1.0.202410251130/tools/bin/../lib/gcc/arm-none-eabi/12.3.1/../../../../arm-none-eabi/lib/thumb/v7e-m+fp/hard\libc_nano.a(libc_a-lock.o)
                0x080084e4                __retarget_lock_acquire_recursive
 .text.__retarget_lock_release_recursive
                0x080084e6        0x2 D:/stm32ide/STM32CubeIDE_1.17.0/STM32CubeIDE/plugins/com.st.stm32cube.ide.mcu.externaltools.gnu-tools-for-stm32.12.3.rel1.win32_1.1.0.202410251130/tools/bin/../lib/gcc/arm-none-eabi/12.3.1/../../../../arm-none-eabi/lib/thumb/v7e-m+fp/hard\libc_nano.a(libc_a-lock.o)
                0x080084e6                __retarget_lock_release_recursive
 .text._free_r  0x080084e8       0x94 D:/stm32ide/STM32CubeIDE_1.17.0/STM32CubeIDE/plugins/com.st.stm32cube.ide.mcu.externaltools.gnu-tools-for-stm32.12.3.rel1.win32_1.1.0.202410251130/tools/bin/../lib/gcc/arm-none-eabi/12.3.1/../../../../arm-none-eabi/lib/thumb/v7e-m+fp/hard\libc_nano.a(libc_a-freer.o)
                0x080084e8                _free_r
 *(.glue_7)
 .glue_7        0x0800857c        0x0 linker stubs
 *(.glue_7t)
 .glue_7t       0x0800857c        0x0 linker stubs
 *(.eh_frame)
 .eh_frame      0x0800857c        0x0 D:/stm32ide/STM32CubeIDE_1.17.0/STM32CubeIDE/plugins/com.st.stm32cube.ide.mcu.externaltools.gnu-tools-for-stm32.12.3.rel1.win32_1.1.0.202410251130/tools/bin/../lib/gcc/arm-none-eabi/12.3.1/thumb/v7e-m+fp/hard/crtbegin.o
 *(.init)
 .init          0x0800857c        0x4 D:/stm32ide/STM32CubeIDE_1.17.0/STM32CubeIDE/plugins/com.st.stm32cube.ide.mcu.externaltools.gnu-tools-for-stm32.12.3.rel1.win32_1.1.0.202410251130/tools/bin/../lib/gcc/arm-none-eabi/12.3.1/thumb/v7e-m+fp/hard/crti.o
                0x0800857c                _init
 .init          0x08008580        0x8 D:/stm32ide/STM32CubeIDE_1.17.0/STM32CubeIDE/plugins/com.st.stm32cube.ide.mcu.externaltools.gnu-tools-for-stm32.12.3.rel1.win32_1.1.0.202410251130/tools/bin/../lib/gcc/arm-none-eabi/12.3.1/thumb/v7e-m+fp/hard/crtn.o
 *(.fini)
 .fini          0x08008588        0x4 D:/stm32ide/STM32CubeIDE_1.17.0/STM32CubeIDE/plugins/com.st.stm32cube.ide.mcu.externaltools.gnu-tools-for-stm32.12.3.rel1.win32_1.1.0.202410251130/tools/bin/../lib/gcc/arm-none-eabi/12.3.1/thumb/v7e-m+fp/hard/crti.o
                0x08008588                _fini
 .fini          0x0800858c        0x8 D:/stm32ide/STM32CubeIDE_1.17.0/STM32CubeIDE/plugins/com.st.stm32cube.ide.mcu.externaltools.gnu-tools-for-stm32.12.3.rel1.win32_1.1.0.202410251130/tools/bin/../lib/gcc/arm-none-eabi/12.3.1/thumb/v7e-m+fp/hard/crtn.o
                0x08008594                        . = ALIGN (0x4)
                0x08008594                        _etext = .

.vfp11_veneer   0x08008594        0x0
 .vfp11_veneer  0x08008594        0x0 linker stubs

.v4_bx          0x08008594        0x0
 .v4_bx         0x08008594        0x0 linker stubs

.iplt           0x08008594        0x0
 .iplt          0x08008594        0x0 D:/stm32ide/STM32CubeIDE_1.17.0/STM32CubeIDE/plugins/com.st.stm32cube.ide.mcu.externaltools.gnu-tools-for-stm32.12.3.rel1.win32_1.1.0.202410251130/tools/bin/../lib/gcc/arm-none-eabi/12.3.1/thumb/v7e-m+fp/hard/crtbegin.o

.rodata         0x08008594      0x3cc
                0x08008594                        . = ALIGN (0x4)
 *(.rodata)
 .rodata        0x08008594        0x4 ./Middlewares/ST/STM32_USB_Host_Library/Class/HID/Src/usbh_hid.o
 *(.rodata*)
 .rodata.AHBPrescTable
                0x08008598       0x10 ./Core/Src/system_stm32f4xx.o
                0x08008598                AHBPrescTable
 .rodata.APBPrescTable
                0x080085a8        0x8 ./Core/Src/system_stm32f4xx.o
                0x080085a8                APBPrescTable
 .rodata.imp_0_lctrl
                0x080085b0       0x20 ./Middlewares/ST/STM32_USB_Host_Library/Class/HID/Src/usbh_hid_keybd.o
 .rodata.imp_0_lshift
                0x080085d0       0x20 ./Middlewares/ST/STM32_USB_Host_Library/Class/HID/Src/usbh_hid_keybd.o
 .rodata.imp_0_lalt
                0x080085f0       0x20 ./Middlewares/ST/STM32_USB_Host_Library/Class/HID/Src/usbh_hid_keybd.o
 .rodata.imp_0_lgui
                0x08008610       0x20 ./Middlewares/ST/STM32_USB_Host_Library/Class/HID/Src/usbh_hid_keybd.o
 .rodata.imp_0_rctrl
                0x08008630       0x20 ./Middlewares/ST/STM32_USB_Host_Library/Class/HID/Src/usbh_hid_keybd.o
 .rodata.imp_0_rshift
                0x08008650       0x20 ./Middlewares/ST/STM32_USB_Host_Library/Class/HID/Src/usbh_hid_keybd.o
 .rodata.imp_0_ralt
                0x08008670       0x20 ./Middlewares/ST/STM32_USB_Host_Library/Class/HID/Src/usbh_hid_keybd.o
 .rodata.imp_0_rgui
                0x08008690       0x20 ./Middlewares/ST/STM32_USB_Host_Library/Class/HID/Src/usbh_hid_keybd.o
 .rodata.imp_0_key_array
                0x080086b0       0x20 ./Middlewares/ST/STM32_USB_Host_Library/Class/HID/Src/usbh_hid_keybd.o
 .rodata.HID_KEYBRD_Key
                0x080086d0       0x82 ./Middlewares/ST/STM32_USB_Host_Library/Class/HID/Src/usbh_hid_keybd.o
 *fill*         0x08008752        0x2 
 .rodata.HID_KEYBRD_ShiftKey
                0x08008754       0x82 ./Middlewares/ST/STM32_USB_Host_Library/Class/HID/Src/usbh_hid_keybd.o
 *fill*         0x080087d6        0x2 
 .rodata.HID_KEYBRD_Codes
                0x080087d8       0xe8 ./Middlewares/ST/STM32_USB_Host_Library/Class/HID/Src/usbh_hid_keybd.o
 .rodata.prop_b1
                0x080088c0       0x20 ./Middlewares/ST/STM32_USB_Host_Library/Class/HID/Src/usbh_hid_mouse.o
 .rodata.prop_b2
                0x080088e0       0x20 ./Middlewares/ST/STM32_USB_Host_Library/Class/HID/Src/usbh_hid_mouse.o
 .rodata.prop_b3
                0x08008900       0x20 ./Middlewares/ST/STM32_USB_Host_Library/Class/HID/Src/usbh_hid_mouse.o
 .rodata.prop_x
                0x08008920       0x20 ./Middlewares/ST/STM32_USB_Host_Library/Class/HID/Src/usbh_hid_mouse.o
 .rodata.prop_y
                0x08008940       0x20 ./Middlewares/ST/STM32_USB_Host_Library/Class/HID/Src/usbh_hid_mouse.o
                0x08008960                        . = ALIGN (0x4)

.ARM.extab      0x08008960        0x0
                0x08008960                        . = ALIGN (0x4)
 *(.ARM.extab* .gnu.linkonce.armextab.*)
                0x08008960                        . = ALIGN (0x4)

.ARM            0x08008960        0x8
                0x08008960                        . = ALIGN (0x4)
                0x08008960                        __exidx_start = .
 *(.ARM.exidx*)
 .ARM.exidx     0x08008960        0x8 D:/stm32ide/STM32CubeIDE_1.17.0/STM32CubeIDE/plugins/com.st.stm32cube.ide.mcu.externaltools.gnu-tools-for-stm32.12.3.rel1.win32_1.1.0.202410251130/tools/bin/../lib/gcc/arm-none-eabi/12.3.1/thumb/v7e-m+fp/hard\libgcc.a(_udivmoddi4.o)
                0x08008968                        __exidx_end = .
                0x08008968                        . = ALIGN (0x4)

.preinit_array  0x08008968        0x0
                0x08008968                        . = ALIGN (0x4)
                0x08008968                        PROVIDE (__preinit_array_start = .)
 *(.preinit_array*)
                0x08008968                        PROVIDE (__preinit_array_end = .)
                0x08008968                        . = ALIGN (0x4)

.init_array     0x08008968        0x4
                0x08008968                        . = ALIGN (0x4)
                0x08008968                        PROVIDE (__init_array_start = .)
 *(SORT_BY_NAME(.init_array.*))
 *(.init_array*)
 .init_array    0x08008968        0x4 D:/stm32ide/STM32CubeIDE_1.17.0/STM32CubeIDE/plugins/com.st.stm32cube.ide.mcu.externaltools.gnu-tools-for-stm32.12.3.rel1.win32_1.1.0.202410251130/tools/bin/../lib/gcc/arm-none-eabi/12.3.1/thumb/v7e-m+fp/hard/crtbegin.o
                0x0800896c                        PROVIDE (__init_array_end = .)
                0x0800896c                        . = ALIGN (0x4)

.fini_array     0x0800896c        0x4
                0x0800896c                        . = ALIGN (0x4)
                [!provide]                        PROVIDE (__fini_array_start = .)
 *(SORT_BY_NAME(.fini_array.*))
 *(.fini_array*)
 .fini_array    0x0800896c        0x4 D:/stm32ide/STM32CubeIDE_1.17.0/STM32CubeIDE/plugins/com.st.stm32cube.ide.mcu.externaltools.gnu-tools-for-stm32.12.3.rel1.win32_1.1.0.202410251130/tools/bin/../lib/gcc/arm-none-eabi/12.3.1/thumb/v7e-m+fp/hard/crtbegin.o
                [!provide]                        PROVIDE (__fini_array_end = .)
                0x08008970                        . = ALIGN (0x4)
                0x08008970                        _sidata = LOADADDR (.data)

.rel.dyn        0x08008970        0x0
 .rel.iplt      0x08008970        0x0 D:/stm32ide/STM32CubeIDE_1.17.0/STM32CubeIDE/plugins/com.st.stm32cube.ide.mcu.externaltools.gnu-tools-for-stm32.12.3.rel1.win32_1.1.0.202410251130/tools/bin/../lib/gcc/arm-none-eabi/12.3.1/thumb/v7e-m+fp/hard/crtbegin.o

.data           0x20000000       0x7c load address 0x08008970
                0x20000000                        . = ALIGN (0x4)
                0x20000000                        _sdata = .
 *(.data)
 *(.data*)
 .data.SystemCoreClock
                0x20000000        0x4 ./Core/Src/system_stm32f4xx.o
                0x20000000                SystemCoreClock
 .data.uwTickPrio
                0x20000004        0x4 ./Drivers/STM32F4xx_HAL_Driver/Src/stm32f4xx_hal.o
                0x20000004                uwTickPrio
 .data.uwTickFreq
                0x20000008        0x1 ./Drivers/STM32F4xx_HAL_Driver/Src/stm32f4xx_hal.o
                0x20000008                uwTickFreq
 *fill*         0x20000009        0x3 
 .data.HID_Class
                0x2000000c       0x20 ./Middlewares/ST/STM32_USB_Host_Library/Class/HID/Src/usbh_hid.o
                0x2000000c                HID_Class
 .data._impure_ptr
                0x2000002c        0x4 D:/stm32ide/STM32CubeIDE_1.17.0/STM32CubeIDE/plugins/com.st.stm32cube.ide.mcu.externaltools.gnu-tools-for-stm32.12.3.rel1.win32_1.1.0.202410251130/tools/bin/../lib/gcc/arm-none-eabi/12.3.1/../../../../arm-none-eabi/lib/thumb/v7e-m+fp/hard\libc_nano.a(libc_a-impure.o)
                0x2000002c                _impure_ptr
 .data._impure_data
                0x20000030       0x4c D:/stm32ide/STM32CubeIDE_1.17.0/STM32CubeIDE/plugins/com.st.stm32cube.ide.mcu.externaltools.gnu-tools-for-stm32.12.3.rel1.win32_1.1.0.202410251130/tools/bin/../lib/gcc/arm-none-eabi/12.3.1/../../../../arm-none-eabi/lib/thumb/v7e-m+fp/hard\libc_nano.a(libc_a-impure.o)
                0x20000030                _impure_data
 *(.RamFunc)
 *(.RamFunc*)
                0x2000007c                        . = ALIGN (0x4)
                0x2000007c                        _edata = .
                0x080089ec                        _siccmram = LOADADDR (.ccmram)

.igot.plt       0x2000007c        0x0 load address 0x080089ec
 .igot.plt      0x2000007c        0x0 D:/stm32ide/STM32CubeIDE_1.17.0/STM32CubeIDE/plugins/com.st.stm32cube.ide.mcu.externaltools.gnu-tools-for-stm32.12.3.rel1.win32_1.1.0.202410251130/tools/bin/../lib/gcc/arm-none-eabi/12.3.1/thumb/v7e-m+fp/hard/crtbegin.o

.ccmram         0x10000000        0x0 load address 0x080089ec
                0x10000000                        . = ALIGN (0x4)
                0x10000000                        _sccmram = .
 *(.ccmram)
 *(.ccmram*)
                0x10000000                        . = ALIGN (0x4)
                0x10000000                        _eccmram = .
                0x10000000                        . = ALIGN (0x4)

.bss            0x2000007c      0x9a8
                0x2000007c                        _sbss = .
                0x2000007c                        __bss_start__ = _sbss
 *(.bss)
 .bss           0x2000007c       0x1c D:/stm32ide/STM32CubeIDE_1.17.0/STM32CubeIDE/plugins/com.st.stm32cube.ide.mcu.externaltools.gnu-tools-for-stm32.12.3.rel1.win32_1.1.0.202410251130/tools/bin/../lib/gcc/arm-none-eabi/12.3.1/thumb/v7e-m+fp/hard/crtbegin.o
 *(.bss*)
 .bss.huart2    0x20000098       0x48 ./Core/Src/main.o
                0x20000098                huart2
 .bss.__sbrk_heap_end
                0x200000e0        0x4 ./Core/Src/sysmem.o
 .bss.uwTick    0x200000e4        0x4 ./Drivers/STM32F4xx_HAL_Driver/Src/stm32f4xx_hal.o
                0x200000e4                uwTick
 .bss.keybd_info
                0x200000e8        0xf ./Middlewares/ST/STM32_USB_Host_Library/Class/HID/Src/usbh_hid_keybd.o
                0x200000e8                keybd_info
 *fill*         0x200000f7        0x1 
 .bss.keybd_rx_report_buf
                0x200000f8        0x8 ./Middlewares/ST/STM32_USB_Host_Library/Class/HID/Src/usbh_hid_keybd.o
                0x200000f8                keybd_rx_report_buf
 .bss.keybd_report_data
                0x20000100        0x8 ./Middlewares/ST/STM32_USB_Host_Library/Class/HID/Src/usbh_hid_keybd.o
                0x20000100                keybd_report_data
 .bss.mouse_info
                0x20000108        0x5 ./Middlewares/ST/STM32_USB_Host_Library/Class/HID/Src/usbh_hid_mouse.o
                0x20000108                mouse_info
 *fill*         0x2000010d        0x3 
 .bss.mouse_report_data
                0x20000110        0x8 ./Middlewares/ST/STM32_USB_Host_Library/Class/HID/Src/usbh_hid_mouse.o
                0x20000110                mouse_report_data
 .bss.mouse_rx_report_buf
                0x20000118        0x8 ./Middlewares/ST/STM32_USB_Host_Library/Class/HID/Src/usbh_hid_mouse.o
                0x20000118                mouse_rx_report_buf
 .bss.hUsbHostFS
                0x20000120      0x3d8 ./USB_HOST/App/usb_host.o
                0x20000120                hUsbHostFS
 .bss.Appli_state
                0x200004f8        0x1 ./USB_HOST/App/usb_host.o
                0x200004f8                Appli_state
 *fill*         0x200004f9        0x3 
 .bss.hhcd_USB_OTG_FS
                0x200004fc      0x3e0 ./USB_HOST/Target/usbh_conf.o
                0x200004fc                hhcd_USB_OTG_FS
 .bss.__malloc_sbrk_start
                0x200008dc        0x4 D:/stm32ide/STM32CubeIDE_1.17.0/STM32CubeIDE/plugins/com.st.stm32cube.ide.mcu.externaltools.gnu-tools-for-stm32.12.3.rel1.win32_1.1.0.202410251130/tools/bin/../lib/gcc/arm-none-eabi/12.3.1/../../../../arm-none-eabi/lib/thumb/v7e-m+fp/hard\libc_nano.a(libc_a-mallocr.o)
                0x200008dc                __malloc_sbrk_start
 .bss.__malloc_free_list
                0x200008e0        0x4 D:/stm32ide/STM32CubeIDE_1.17.0/STM32CubeIDE/plugins/com.st.stm32cube.ide.mcu.externaltools.gnu-tools-for-stm32.12.3.rel1.win32_1.1.0.202410251130/tools/bin/../lib/gcc/arm-none-eabi/12.3.1/../../../../arm-none-eabi/lib/thumb/v7e-m+fp/hard\libc_nano.a(libc_a-mallocr.o)
                0x200008e0                __malloc_free_list
 .bss.__sf      0x200008e4      0x138 D:/stm32ide/STM32CubeIDE_1.17.0/STM32CubeIDE/plugins/com.st.stm32cube.ide.mcu.externaltools.gnu-tools-for-stm32.12.3.rel1.win32_1.1.0.202410251130/tools/bin/../lib/gcc/arm-none-eabi/12.3.1/../../../../arm-none-eabi/lib/thumb/v7e-m+fp/hard\libc_nano.a(libc_a-findfp.o)
                0x200008e4                __sf
 .bss.errno     0x20000a1c        0x4 D:/stm32ide/STM32CubeIDE_1.17.0/STM32CubeIDE/plugins/com.st.stm32cube.ide.mcu.externaltools.gnu-tools-for-stm32.12.3.rel1.win32_1.1.0.202410251130/tools/bin/../lib/gcc/arm-none-eabi/12.3.1/../../../../arm-none-eabi/lib/thumb/v7e-m+fp/hard\libc_nano.a(libc_a-reent.o)
                0x20000a1c                errno
 .bss.__lock___malloc_recursive_mutex
                0x20000a20        0x1 D:/stm32ide/STM32CubeIDE_1.17.0/STM32CubeIDE/plugins/com.st.stm32cube.ide.mcu.externaltools.gnu-tools-for-stm32.12.3.rel1.win32_1.1.0.202410251130/tools/bin/../lib/gcc/arm-none-eabi/12.3.1/../../../../arm-none-eabi/lib/thumb/v7e-m+fp/hard\libc_nano.a(libc_a-lock.o)
                0x20000a20                __lock___malloc_recursive_mutex
 *(COMMON)
                0x20000a24                        . = ALIGN (0x4)
 *fill*         0x20000a21        0x3 
                0x20000a24                        _ebss = .
                0x20000a24                        __bss_end__ = _ebss

._user_heap_stack
                0x20000a24      0x604
                0x20000a28                        . = ALIGN (0x8)
 *fill*         0x20000a24        0x4 
                [!provide]                        PROVIDE (end = .)
                0x20000a28                        PROVIDE (_end = .)
                0x20000c28                        . = (. + _Min_Heap_Size)
 *fill*         0x20000a28      0x200 
                0x20001028                        . = (. + _Min_Stack_Size)
 *fill*         0x20000c28      0x400 
                0x20001028                        . = ALIGN (0x8)

/DISCARD/
 libc.a(*)
 libm.a(*)
 libgcc.a(*)

.ARM.attributes
                0x00000000       0x30
 *(.ARM.attributes)
 .ARM.attributes
                0x00000000       0x22 D:/stm32ide/STM32CubeIDE_1.17.0/STM32CubeIDE/plugins/com.st.stm32cube.ide.mcu.externaltools.gnu-tools-for-stm32.12.3.rel1.win32_1.1.0.202410251130/tools/bin/../lib/gcc/arm-none-eabi/12.3.1/thumb/v7e-m+fp/hard/crti.o
 .ARM.attributes
                0x00000022       0x34 D:/stm32ide/STM32CubeIDE_1.17.0/STM32CubeIDE/plugins/com.st.stm32cube.ide.mcu.externaltools.gnu-tools-for-stm32.12.3.rel1.win32_1.1.0.202410251130/tools/bin/../lib/gcc/arm-none-eabi/12.3.1/thumb/v7e-m+fp/hard/crtbegin.o
 .ARM.attributes
                0x00000056       0x34 ./Core/Src/main.o
 .ARM.attributes
                0x0000008a       0x34 ./Core/Src/stm32f4xx_hal_msp.o
 .ARM.attributes
                0x000000be       0x34 ./Core/Src/stm32f4xx_it.o
 .ARM.attributes
                0x000000f2       0x34 ./Core/Src/sysmem.o
 .ARM.attributes
                0x00000126       0x34 ./Core/Src/system_stm32f4xx.o
 .ARM.attributes
                0x0000015a       0x21 ./Core/Startup/startup_stm32f407vgtx.o
 .ARM.attributes
                0x0000017b       0x34 ./Drivers/STM32F4xx_HAL_Driver/Src/stm32f4xx_hal.o
 .ARM.attributes
                0x000001af       0x34 ./Drivers/STM32F4xx_HAL_Driver/Src/stm32f4xx_hal_cortex.o
 .ARM.attributes
                0x000001e3       0x34 ./Drivers/STM32F4xx_HAL_Driver/Src/stm32f4xx_hal_gpio.o
 .ARM.attributes
                0x00000217       0x34 ./Drivers/STM32F4xx_HAL_Driver/Src/stm32f4xx_hal_hcd.o
 .ARM.attributes
                0x0000024b       0x34 ./Drivers/STM32F4xx_HAL_Driver/Src/stm32f4xx_hal_rcc.o
 .ARM.attributes
                0x0000027f       0x34 ./Drivers/STM32F4xx_HAL_Driver/Src/stm32f4xx_hal_uart.o
 .ARM.attributes
                0x000002b3       0x34 ./Drivers/STM32F4xx_HAL_Driver/Src/stm32f4xx_ll_usb.o
 .ARM.attributes
                0x000002e7       0x34 ./Middlewares/ST/STM32_USB_Host_Library/Class/HID/Src/usbh_hid.o
 .ARM.attributes
                0x0000031b       0x34 ./Middlewares/ST/STM32_USB_Host_Library/Class/HID/Src/usbh_hid_keybd.o
 .ARM.attributes
                0x0000034f       0x34 ./Middlewares/ST/STM32_USB_Host_Library/Class/HID/Src/usbh_hid_mouse.o
 .ARM.attributes
                0x00000383       0x34 ./Middlewares/ST/STM32_USB_Host_Library/Class/HID/Src/usbh_hid_parser.o
 .ARM.attributes
                0x000003b7       0x34 ./Middlewares/ST/STM32_USB_Host_Library/Core/Src/usbh_core.o
 .ARM.attributes
                0x000003eb       0x34 ./Middlewares/ST/STM32_USB_Host_Library/Core/Src/usbh_ctlreq.o
 .ARM.attributes
                0x0000041f       0x34 ./Middlewares/ST/STM32_USB_Host_Library/Core/Src/usbh_ioreq.o
 .ARM.attributes
                0x00000453       0x34 ./Middlewares/ST/STM32_USB_Host_Library/Core/Src/usbh_pipes.o
 .ARM.attributes
                0x00000487       0x34 ./USB_HOST/App/usb_host.o
 .ARM.attributes
                0x000004bb       0x34 ./USB_HOST/Target/usbh_conf.o
 .ARM.attributes
                0x000004ef       0x34 ./USB_HOST/Target/usbh_platform.o
 .ARM.attributes
                0x00000523       0x34 D:/stm32ide/STM32CubeIDE_1.17.0/STM32CubeIDE/plugins/com.st.stm32cube.ide.mcu.externaltools.gnu-tools-for-stm32.12.3.rel1.win32_1.1.0.202410251130/tools/bin/../lib/gcc/arm-none-eabi/12.3.1/../../../../arm-none-eabi/lib/thumb/v7e-m+fp/hard\libc_nano.a(libc_a-malloc.o)
 .ARM.attributes
                0x00000557       0x34 D:/stm32ide/STM32CubeIDE_1.17.0/STM32CubeIDE/plugins/com.st.stm32cube.ide.mcu.externaltools.gnu-tools-for-stm32.12.3.rel1.win32_1.1.0.202410251130/tools/bin/../lib/gcc/arm-none-eabi/12.3.1/../../../../arm-none-eabi/lib/thumb/v7e-m+fp/hard\libc_nano.a(libc_a-mallocr.o)
 .ARM.attributes
                0x0000058b       0x34 D:/stm32ide/STM32CubeIDE_1.17.0/STM32CubeIDE/plugins/com.st.stm32cube.ide.mcu.externaltools.gnu-tools-for-stm32.12.3.rel1.win32_1.1.0.202410251130/tools/bin/../lib/gcc/arm-none-eabi/12.3.1/../../../../arm-none-eabi/lib/thumb/v7e-m+fp/hard\libc_nano.a(libc_a-mlock.o)
 .ARM.attributes
                0x000005bf       0x34 D:/stm32ide/STM32CubeIDE_1.17.0/STM32CubeIDE/plugins/com.st.stm32cube.ide.mcu.externaltools.gnu-tools-for-stm32.12.3.rel1.win32_1.1.0.202410251130/tools/bin/../lib/gcc/arm-none-eabi/12.3.1/../../../../arm-none-eabi/lib/thumb/v7e-m+fp/hard\libc_nano.a(libc_a-findfp.o)
 .ARM.attributes
                0x000005f3       0x34 D:/stm32ide/STM32CubeIDE_1.17.0/STM32CubeIDE/plugins/com.st.stm32cube.ide.mcu.externaltools.gnu-tools-for-stm32.12.3.rel1.win32_1.1.0.202410251130/tools/bin/../lib/gcc/arm-none-eabi/12.3.1/../../../../arm-none-eabi/lib/thumb/v7e-m+fp/hard\libc_nano.a(libc_a-memset.o)
 .ARM.attributes
                0x00000627       0x34 D:/stm32ide/STM32CubeIDE_1.17.0/STM32CubeIDE/plugins/com.st.stm32cube.ide.mcu.externaltools.gnu-tools-for-stm32.12.3.rel1.win32_1.1.0.202410251130/tools/bin/../lib/gcc/arm-none-eabi/12.3.1/../../../../arm-none-eabi/lib/thumb/v7e-m+fp/hard\libc_nano.a(libc_a-reent.o)
 .ARM.attributes
                0x0000065b       0x34 D:/stm32ide/STM32CubeIDE_1.17.0/STM32CubeIDE/plugins/com.st.stm32cube.ide.mcu.externaltools.gnu-tools-for-stm32.12.3.rel1.win32_1.1.0.202410251130/tools/bin/../lib/gcc/arm-none-eabi/12.3.1/../../../../arm-none-eabi/lib/thumb/v7e-m+fp/hard\libc_nano.a(libc_a-impure.o)
 .ARM.attributes
                0x0000068f       0x34 D:/stm32ide/STM32CubeIDE_1.17.0/STM32CubeIDE/plugins/com.st.stm32cube.ide.mcu.externaltools.gnu-tools-for-stm32.12.3.rel1.win32_1.1.0.202410251130/tools/bin/../lib/gcc/arm-none-eabi/12.3.1/../../../../arm-none-eabi/lib/thumb/v7e-m+fp/hard\libc_nano.a(libc_a-sbrkr.o)
 .ARM.attributes
                0x000006c3       0x34 D:/stm32ide/STM32CubeIDE_1.17.0/STM32CubeIDE/plugins/com.st.stm32cube.ide.mcu.externaltools.gnu-tools-for-stm32.12.3.rel1.win32_1.1.0.202410251130/tools/bin/../lib/gcc/arm-none-eabi/12.3.1/../../../../arm-none-eabi/lib/thumb/v7e-m+fp/hard\libc_nano.a(libc_a-errno.o)
 .ARM.attributes
                0x000006f7       0x34 D:/stm32ide/STM32CubeIDE_1.17.0/STM32CubeIDE/plugins/com.st.stm32cube.ide.mcu.externaltools.gnu-tools-for-stm32.12.3.rel1.win32_1.1.0.202410251130/tools/bin/../lib/gcc/arm-none-eabi/12.3.1/../../../../arm-none-eabi/lib/thumb/v7e-m+fp/hard\libc_nano.a(libc_a-init.o)
 .ARM.attributes
                0x0000072b       0x34 D:/stm32ide/STM32CubeIDE_1.17.0/STM32CubeIDE/plugins/com.st.stm32cube.ide.mcu.externaltools.gnu-tools-for-stm32.12.3.rel1.win32_1.1.0.202410251130/tools/bin/../lib/gcc/arm-none-eabi/12.3.1/../../../../arm-none-eabi/lib/thumb/v7e-m+fp/hard\libc_nano.a(libc_a-lock.o)
 .ARM.attributes
                0x0000075f       0x34 D:/stm32ide/STM32CubeIDE_1.17.0/STM32CubeIDE/plugins/com.st.stm32cube.ide.mcu.externaltools.gnu-tools-for-stm32.12.3.rel1.win32_1.1.0.202410251130/tools/bin/../lib/gcc/arm-none-eabi/12.3.1/../../../../arm-none-eabi/lib/thumb/v7e-m+fp/hard\libc_nano.a(libc_a-freer.o)
 .ARM.attributes
                0x00000793       0x22 D:/stm32ide/STM32CubeIDE_1.17.0/STM32CubeIDE/plugins/com.st.stm32cube.ide.mcu.externaltools.gnu-tools-for-stm32.12.3.rel1.win32_1.1.0.202410251130/tools/bin/../lib/gcc/arm-none-eabi/12.3.1/thumb/v7e-m+fp/hard\libgcc.a(_aeabi_uldivmod.o)
 .ARM.attributes
                0x000007b5       0x34 D:/stm32ide/STM32CubeIDE_1.17.0/STM32CubeIDE/plugins/com.st.stm32cube.ide.mcu.externaltools.gnu-tools-for-stm32.12.3.rel1.win32_1.1.0.202410251130/tools/bin/../lib/gcc/arm-none-eabi/12.3.1/thumb/v7e-m+fp/hard\libgcc.a(_udivmoddi4.o)
 .ARM.attributes
                0x000007e9       0x22 D:/stm32ide/STM32CubeIDE_1.17.0/STM32CubeIDE/plugins/com.st.stm32cube.ide.mcu.externaltools.gnu-tools-for-stm32.12.3.rel1.win32_1.1.0.202410251130/tools/bin/../lib/gcc/arm-none-eabi/12.3.1/thumb/v7e-m+fp/hard\libgcc.a(_dvmd_tls.o)
 .ARM.attributes
                0x0000080b       0x22 D:/stm32ide/STM32CubeIDE_1.17.0/STM32CubeIDE/plugins/com.st.stm32cube.ide.mcu.externaltools.gnu-tools-for-stm32.12.3.rel1.win32_1.1.0.202410251130/tools/bin/../lib/gcc/arm-none-eabi/12.3.1/thumb/v7e-m+fp/hard/crtn.o
OUTPUT(interface_mouse_keyboard.elf elf32-littlearm)
LOAD linker stubs
LOAD D:/stm32ide/STM32CubeIDE_1.17.0/STM32CubeIDE/plugins/com.st.stm32cube.ide.mcu.externaltools.gnu-tools-for-stm32.12.3.rel1.win32_1.1.0.202410251130/tools/bin/../lib/gcc/arm-none-eabi/12.3.1/../../../../arm-none-eabi/lib/thumb/v7e-m+fp/hard\libc.a
LOAD D:/stm32ide/STM32CubeIDE_1.17.0/STM32CubeIDE/plugins/com.st.stm32cube.ide.mcu.externaltools.gnu-tools-for-stm32.12.3.rel1.win32_1.1.0.202410251130/tools/bin/../lib/gcc/arm-none-eabi/12.3.1/../../../../arm-none-eabi/lib/thumb/v7e-m+fp/hard\libm.a
LOAD D:/stm32ide/STM32CubeIDE_1.17.0/STM32CubeIDE/plugins/com.st.stm32cube.ide.mcu.externaltools.gnu-tools-for-stm32.12.3.rel1.win32_1.1.0.202410251130/tools/bin/../lib/gcc/arm-none-eabi/12.3.1/thumb/v7e-m+fp/hard\libgcc.a

.debug_info     0x00000000    0x13f73
 .debug_info    0x00000000     0x16a7 ./Core/Src/main.o
 .debug_info    0x000016a7      0x8fc ./Core/Src/stm32f4xx_hal_msp.o
 .debug_info    0x00001fa3      0x6a5 ./Core/Src/stm32f4xx_it.o
 .debug_info    0x00002648      0x168 ./Core/Src/sysmem.o
 .debug_info    0x000027b0      0x512 ./Core/Src/system_stm32f4xx.o
 .debug_info    0x00002cc2       0x30 ./Core/Startup/startup_stm32f407vgtx.o
 .debug_info    0x00002cf2      0x944 ./Drivers/STM32F4xx_HAL_Driver/Src/stm32f4xx_hal.o
 .debug_info    0x00003636      0xd8c ./Drivers/STM32F4xx_HAL_Driver/Src/stm32f4xx_hal_cortex.o
 .debug_info    0x000043c2      0x6c3 ./Drivers/STM32F4xx_HAL_Driver/Src/stm32f4xx_hal_gpio.o
 .debug_info    0x00004a85     0x114c ./Drivers/STM32F4xx_HAL_Driver/Src/stm32f4xx_hal_hcd.o
 .debug_info    0x00005bd1      0x8af ./Drivers/STM32F4xx_HAL_Driver/Src/stm32f4xx_hal_rcc.o
 .debug_info    0x00006480     0x2f4f ./Drivers/STM32F4xx_HAL_Driver/Src/stm32f4xx_hal_uart.o
 .debug_info    0x000093cf     0x1993 ./Drivers/STM32F4xx_HAL_Driver/Src/stm32f4xx_ll_usb.o
 .debug_info    0x0000ad62     0x13b5 ./Middlewares/ST/STM32_USB_Host_Library/Class/HID/Src/usbh_hid.o
 .debug_info    0x0000c117      0xf60 ./Middlewares/ST/STM32_USB_Host_Library/Class/HID/Src/usbh_hid_keybd.o
 .debug_info    0x0000d077      0xdc0 ./Middlewares/ST/STM32_USB_Host_Library/Class/HID/Src/usbh_hid_mouse.o
 .debug_info    0x0000de37      0x25d ./Middlewares/ST/STM32_USB_Host_Library/Class/HID/Src/usbh_hid_parser.o
 .debug_info    0x0000e094      0xfb2 ./Middlewares/ST/STM32_USB_Host_Library/Core/Src/usbh_core.o
 .debug_info    0x0000f046      0xfa6 ./Middlewares/ST/STM32_USB_Host_Library/Core/Src/usbh_ctlreq.o
 .debug_info    0x0000ffec      0xc2b ./Middlewares/ST/STM32_USB_Host_Library/Core/Src/usbh_ioreq.o
 .debug_info    0x00010c17      0xa8e ./Middlewares/ST/STM32_USB_Host_Library/Core/Src/usbh_pipes.o
 .debug_info    0x000116a5      0xa10 ./USB_HOST/App/usb_host.o
 .debug_info    0x000120b5     0x1ce6 ./USB_HOST/Target/usbh_conf.o
 .debug_info    0x00013d9b      0x1d8 ./USB_HOST/Target/usbh_platform.o

.debug_abbrev   0x00000000     0x370a
 .debug_abbrev  0x00000000      0x362 ./Core/Src/main.o
 .debug_abbrev  0x00000362      0x1c2 ./Core/Src/stm32f4xx_hal_msp.o
 .debug_abbrev  0x00000524      0x1a4 ./Core/Src/stm32f4xx_it.o
 .debug_abbrev  0x000006c8       0xbc ./Core/Src/sysmem.o
 .debug_abbrev  0x00000784      0x11a ./Core/Src/system_stm32f4xx.o
 .debug_abbrev  0x0000089e       0x24 ./Core/Startup/startup_stm32f407vgtx.o
 .debug_abbrev  0x000008c2      0x214 ./Drivers/STM32F4xx_HAL_Driver/Src/stm32f4xx_hal.o
 .debug_abbrev  0x00000ad6      0x31d ./Drivers/STM32F4xx_HAL_Driver/Src/stm32f4xx_hal_cortex.o
 .debug_abbrev  0x00000df3      0x1d4 ./Drivers/STM32F4xx_HAL_Driver/Src/stm32f4xx_hal_gpio.o
 .debug_abbrev  0x00000fc7      0x296 ./Drivers/STM32F4xx_HAL_Driver/Src/stm32f4xx_hal_hcd.o
 .debug_abbrev  0x0000125d      0x2b7 ./Drivers/STM32F4xx_HAL_Driver/Src/stm32f4xx_hal_rcc.o
 .debug_abbrev  0x00001514      0x30e ./Drivers/STM32F4xx_HAL_Driver/Src/stm32f4xx_hal_uart.o
 .debug_abbrev  0x00001822      0x2b3 ./Drivers/STM32F4xx_HAL_Driver/Src/stm32f4xx_ll_usb.o
 .debug_abbrev  0x00001ad5      0x37e ./Middlewares/ST/STM32_USB_Host_Library/Class/HID/Src/usbh_hid.o
 .debug_abbrev  0x00001e53      0x2e2 ./Middlewares/ST/STM32_USB_Host_Library/Class/HID/Src/usbh_hid_keybd.o
 .debug_abbrev  0x00002135      0x2b4 ./Middlewares/ST/STM32_USB_Host_Library/Class/HID/Src/usbh_hid_mouse.o
 .debug_abbrev  0x000023e9       0xee ./Middlewares/ST/STM32_USB_Host_Library/Class/HID/Src/usbh_hid_parser.o
 .debug_abbrev  0x000024d7      0x32a ./Middlewares/ST/STM32_USB_Host_Library/Core/Src/usbh_core.o
 .debug_abbrev  0x00002801      0x2ff ./Middlewares/ST/STM32_USB_Host_Library/Core/Src/usbh_ctlreq.o
 .debug_abbrev  0x00002b00      0x245 ./Middlewares/ST/STM32_USB_Host_Library/Core/Src/usbh_ioreq.o
 .debug_abbrev  0x00002d45      0x281 ./Middlewares/ST/STM32_USB_Host_Library/Core/Src/usbh_pipes.o
 .debug_abbrev  0x00002fc6      0x26e ./USB_HOST/App/usb_host.o
 .debug_abbrev  0x00003234      0x3c2 ./USB_HOST/Target/usbh_conf.o
 .debug_abbrev  0x000035f6      0x114 ./USB_HOST/Target/usbh_platform.o

.debug_aranges  0x00000000      0xd60
 .debug_aranges
                0x00000000       0x48 ./Core/Src/main.o
 .debug_aranges
                0x00000048       0x30 ./Core/Src/stm32f4xx_hal_msp.o
 .debug_aranges
                0x00000078       0x68 ./Core/Src/stm32f4xx_it.o
 .debug_aranges
                0x000000e0       0x20 ./Core/Src/sysmem.o
 .debug_aranges
                0x00000100       0x28 ./Core/Src/system_stm32f4xx.o
 .debug_aranges
                0x00000128       0x28 ./Core/Startup/startup_stm32f407vgtx.o
 .debug_aranges
                0x00000150       0xf0 ./Drivers/STM32F4xx_HAL_Driver/Src/stm32f4xx_hal.o
 .debug_aranges
                0x00000240      0x130 ./Drivers/STM32F4xx_HAL_Driver/Src/stm32f4xx_hal_cortex.o
 .debug_aranges
                0x00000370       0x58 ./Drivers/STM32F4xx_HAL_Driver/Src/stm32f4xx_hal_gpio.o
 .debug_aranges
                0x000003c8      0x108 ./Drivers/STM32F4xx_HAL_Driver/Src/stm32f4xx_hal_hcd.o
 .debug_aranges
                0x000004d0       0x88 ./Drivers/STM32F4xx_HAL_Driver/Src/stm32f4xx_hal_rcc.o
 .debug_aranges
                0x00000558      0x208 ./Drivers/STM32F4xx_HAL_Driver/Src/stm32f4xx_hal_uart.o
 .debug_aranges
                0x00000760      0x1a0 ./Drivers/STM32F4xx_HAL_Driver/Src/stm32f4xx_ll_usb.o
 .debug_aranges
                0x00000900       0xa8 ./Middlewares/ST/STM32_USB_Host_Library/Class/HID/Src/usbh_hid.o
 .debug_aranges
                0x000009a8       0x38 ./Middlewares/ST/STM32_USB_Host_Library/Class/HID/Src/usbh_hid_keybd.o
 .debug_aranges
                0x000009e0       0x30 ./Middlewares/ST/STM32_USB_Host_Library/Class/HID/Src/usbh_hid_mouse.o
 .debug_aranges
                0x00000a10       0x28 ./Middlewares/ST/STM32_USB_Host_Library/Class/HID/Src/usbh_hid_parser.o
 .debug_aranges
                0x00000a38       0xc0 ./Middlewares/ST/STM32_USB_Host_Library/Core/Src/usbh_core.o
 .debug_aranges
                0x00000af8       0xa0 ./Middlewares/ST/STM32_USB_Host_Library/Core/Src/usbh_ctlreq.o
 .debug_aranges
                0x00000b98       0x60 ./Middlewares/ST/STM32_USB_Host_Library/Core/Src/usbh_ioreq.o
 .debug_aranges
                0x00000bf8       0x40 ./Middlewares/ST/STM32_USB_Host_Library/Core/Src/usbh_pipes.o
 .debug_aranges
                0x00000c38       0x30 ./USB_HOST/App/usb_host.o
 .debug_aranges
                0x00000c68       0xd8 ./USB_HOST/Target/usbh_conf.o
 .debug_aranges
                0x00000d40       0x20 ./USB_HOST/Target/usbh_platform.o

.debug_rnglists
                0x00000000      0xa0b
 .debug_rnglists
                0x00000000       0x34 ./Core/Src/main.o
 .debug_rnglists
                0x00000034       0x20 ./Core/Src/stm32f4xx_hal_msp.o
 .debug_rnglists
                0x00000054       0x49 ./Core/Src/stm32f4xx_it.o
 .debug_rnglists
                0x0000009d       0x13 ./Core/Src/sysmem.o
 .debug_rnglists
                0x000000b0       0x1a ./Core/Src/system_stm32f4xx.o
 .debug_rnglists
                0x000000ca       0x19 ./Core/Startup/startup_stm32f407vgtx.o
 .debug_rnglists
                0x000000e3       0xaf ./Drivers/STM32F4xx_HAL_Driver/Src/stm32f4xx_hal.o
 .debug_rnglists
                0x00000192       0xe0 ./Drivers/STM32F4xx_HAL_Driver/Src/stm32f4xx_hal_cortex.o
 .debug_rnglists
                0x00000272       0x3f ./Drivers/STM32F4xx_HAL_Driver/Src/stm32f4xx_hal_gpio.o
 .debug_rnglists
                0x000002b1       0xca ./Drivers/STM32F4xx_HAL_Driver/Src/stm32f4xx_hal_hcd.o
 .debug_rnglists
                0x0000037b       0x66 ./Drivers/STM32F4xx_HAL_Driver/Src/stm32f4xx_hal_rcc.o
 .debug_rnglists
                0x000003e1      0x1bc ./Drivers/STM32F4xx_HAL_Driver/Src/stm32f4xx_hal_uart.o
 .debug_rnglists
                0x0000059d      0x147 ./Drivers/STM32F4xx_HAL_Driver/Src/stm32f4xx_ll_usb.o
 .debug_rnglists
                0x000006e4       0x80 ./Middlewares/ST/STM32_USB_Host_Library/Class/HID/Src/usbh_hid.o
 .debug_rnglists
                0x00000764       0x27 ./Middlewares/ST/STM32_USB_Host_Library/Class/HID/Src/usbh_hid_keybd.o
 .debug_rnglists
                0x0000078b       0x21 ./Middlewares/ST/STM32_USB_Host_Library/Class/HID/Src/usbh_hid_mouse.o
 .debug_rnglists
                0x000007ac       0x1b ./Middlewares/ST/STM32_USB_Host_Library/Class/HID/Src/usbh_hid_parser.o
 .debug_rnglists
                0x000007c7       0x8f ./Middlewares/ST/STM32_USB_Host_Library/Core/Src/usbh_core.o
 .debug_rnglists
                0x00000856       0x77 ./Middlewares/ST/STM32_USB_Host_Library/Core/Src/usbh_ctlreq.o
 .debug_rnglists
                0x000008cd       0x43 ./Middlewares/ST/STM32_USB_Host_Library/Core/Src/usbh_ioreq.o
 .debug_rnglists
                0x00000910       0x2b ./Middlewares/ST/STM32_USB_Host_Library/Core/Src/usbh_pipes.o
 .debug_rnglists
                0x0000093b       0x1f ./USB_HOST/App/usb_host.o
 .debug_rnglists
                0x0000095a       0x9e ./USB_HOST/Target/usbh_conf.o
 .debug_rnglists
                0x000009f8       0x13 ./USB_HOST/Target/usbh_platform.o

.debug_macro    0x00000000    0x23d3c
 .debug_macro   0x00000000      0x3a6 ./Core/Src/main.o
 .debug_macro   0x000003a6      0xab4 ./Core/Src/main.o
 .debug_macro   0x00000e5a      0x29b ./Core/Src/main.o
 .debug_macro   0x000010f5       0x2e ./Core/Src/main.o
 .debug_macro   0x00001123       0x2f ./Core/Src/main.o
 .debug_macro   0x00001152       0x22 ./Core/Src/main.o
 .debug_macro   0x00001174       0x8e ./Core/Src/main.o
 .debug_macro   0x00001202       0x51 ./Core/Src/main.o
 .debug_macro   0x00001253      0x103 ./Core/Src/main.o
 .debug_macro   0x00001356       0x6a ./Core/Src/main.o
 .debug_macro   0x000013c0      0x1df ./Core/Src/main.o
 .debug_macro   0x0000159f       0x1c ./Core/Src/main.o
 .debug_macro   0x000015bb       0x22 ./Core/Src/main.o
 .debug_macro   0x000015dd       0xfb ./Core/Src/main.o
 .debug_macro   0x000016d8     0x1011 ./Core/Src/main.o
 .debug_macro   0x000026e9      0x11f ./Core/Src/main.o
 .debug_macro   0x00002808    0x15e97 ./Core/Src/main.o
 .debug_macro   0x0001869f       0x6d ./Core/Src/main.o
 .debug_macro   0x0001870c     0x369a ./Core/Src/main.o
 .debug_macro   0x0001bda6      0x189 ./Core/Src/main.o
 .debug_macro   0x0001bf2f       0x5c ./Core/Src/main.o
 .debug_macro   0x0001bf8b      0x980 ./Core/Src/main.o
 .debug_macro   0x0001c90b      0x9e9 ./Core/Src/main.o
 .debug_macro   0x0001d2f4      0x115 ./Core/Src/main.o
 .debug_macro   0x0001d409      0x13e ./Core/Src/main.o
 .debug_macro   0x0001d547       0xa5 ./Core/Src/main.o
 .debug_macro   0x0001d5ec      0x174 ./Core/Src/main.o
 .debug_macro   0x0001d760      0x287 ./Core/Src/main.o
 .debug_macro   0x0001d9e7       0x5f ./Core/Src/main.o
 .debug_macro   0x0001da46      0x236 ./Core/Src/main.o
 .debug_macro   0x0001dc7c      0x12c ./Core/Src/main.o
 .debug_macro   0x0001dda8      0x21e ./Core/Src/main.o
 .debug_macro   0x0001dfc6       0x2e ./Core/Src/main.o
 .debug_macro   0x0001dff4      0x127 ./Core/Src/main.o
 .debug_macro   0x0001e11b       0x7e ./Core/Src/main.o
 .debug_macro   0x0001e199       0x89 ./Core/Src/main.o
 .debug_macro   0x0001e222      0x2aa ./Core/Src/main.o
 .debug_macro   0x0001e4cc      0x293 ./Core/Src/main.o
 .debug_macro   0x0001e75f       0x98 ./Core/Src/main.o
 .debug_macro   0x0001e7f7      0x12d ./Core/Src/main.o
 .debug_macro   0x0001e924       0x61 ./Core/Src/main.o
 .debug_macro   0x0001e985       0x2a ./Core/Src/main.o
 .debug_macro   0x0001e9af       0x43 ./Core/Src/main.o
 .debug_macro   0x0001e9f2       0x34 ./Core/Src/main.o
 .debug_macro   0x0001ea26       0x16 ./Core/Src/main.o
 .debug_macro   0x0001ea3c       0x35 ./Core/Src/main.o
 .debug_macro   0x0001ea71      0x369 ./Core/Src/main.o
 .debug_macro   0x0001edda       0x10 ./Core/Src/main.o
 .debug_macro   0x0001edea       0x16 ./Core/Src/main.o
 .debug_macro   0x0001ee00       0x43 ./Core/Src/main.o
 .debug_macro   0x0001ee43       0x34 ./Core/Src/main.o
 .debug_macro   0x0001ee77       0x10 ./Core/Src/main.o
 .debug_macro   0x0001ee87       0x58 ./Core/Src/main.o
 .debug_macro   0x0001eedf       0x8e ./Core/Src/main.o
 .debug_macro   0x0001ef6d       0x1c ./Core/Src/main.o
 .debug_macro   0x0001ef89      0x177 ./Core/Src/main.o
 .debug_macro   0x0001f100       0x16 ./Core/Src/main.o
 .debug_macro   0x0001f116       0x16 ./Core/Src/main.o
 .debug_macro   0x0001f12c      0x146 ./Core/Src/main.o
 .debug_macro   0x0001f272       0x16 ./Core/Src/main.o
 .debug_macro   0x0001f288       0x16 ./Core/Src/main.o
 .debug_macro   0x0001f29e       0x29 ./Core/Src/main.o
 .debug_macro   0x0001f2c7       0x16 ./Core/Src/main.o
 .debug_macro   0x0001f2dd       0x20 ./Core/Src/main.o
 .debug_macro   0x0001f2fd       0x73 ./Core/Src/main.o
 .debug_macro   0x0001f370      0x233 ./Core/Src/main.o
 .debug_macro   0x0001f5a3       0x2e ./Core/Src/main.o
 .debug_macro   0x0001f5d1       0x2e ./Core/Src/main.o
 .debug_macro   0x0001f5ff       0x28 ./Core/Src/main.o
 .debug_macro   0x0001f627      0x5bf ./Core/Src/main.o
 .debug_macro   0x0001fbe6      0x12f ./Core/Src/main.o
 .debug_macro   0x0001fd15      0x1dd ./Core/Src/stm32f4xx_hal_msp.o
 .debug_macro   0x0001fef2      0x1e7 ./Core/Src/stm32f4xx_it.o
 .debug_macro   0x000200d9       0xff ./Core/Src/sysmem.o
 .debug_macro   0x000201d8      0x23c ./Core/Src/sysmem.o
 .debug_macro   0x00020414      0x1d3 ./Core/Src/system_stm32f4xx.o
 .debug_macro   0x000205e7      0x233 ./Drivers/STM32F4xx_HAL_Driver/Src/stm32f4xx_hal.o
 .debug_macro   0x0002081a      0x1d3 ./Drivers/STM32F4xx_HAL_Driver/Src/stm32f4xx_hal_cortex.o
 .debug_macro   0x000209ed      0x1d9 ./Drivers/STM32F4xx_HAL_Driver/Src/stm32f4xx_hal_gpio.o
 .debug_macro   0x00020bc6      0x1d3 ./Drivers/STM32F4xx_HAL_Driver/Src/stm32f4xx_hal_hcd.o
 .debug_macro   0x00020d99      0x1f7 ./Drivers/STM32F4xx_HAL_Driver/Src/stm32f4xx_hal_rcc.o
 .debug_macro   0x00020f90      0x1d4 ./Drivers/STM32F4xx_HAL_Driver/Src/stm32f4xx_hal_uart.o
 .debug_macro   0x00021164      0x1d3 ./Drivers/STM32F4xx_HAL_Driver/Src/stm32f4xx_ll_usb.o
 .debug_macro   0x00021337      0x3a9 ./Middlewares/ST/STM32_USB_Host_Library/Class/HID/Src/usbh_hid.o
 .debug_macro   0x000216e0       0x9e ./Middlewares/ST/STM32_USB_Host_Library/Class/HID/Src/usbh_hid.o
 .debug_macro   0x0002177e      0x10b ./Middlewares/ST/STM32_USB_Host_Library/Class/HID/Src/usbh_hid.o
 .debug_macro   0x00021889       0x56 ./Middlewares/ST/STM32_USB_Host_Library/Class/HID/Src/usbh_hid.o
 .debug_macro   0x000218df      0x255 ./Middlewares/ST/STM32_USB_Host_Library/Class/HID/Src/usbh_hid.o
 .debug_macro   0x00021b34      0x3e5 ./Middlewares/ST/STM32_USB_Host_Library/Class/HID/Src/usbh_hid_keybd.o
 .debug_macro   0x00021f19      0x3ad ./Middlewares/ST/STM32_USB_Host_Library/Class/HID/Src/usbh_hid_mouse.o
 .debug_macro   0x000222c6      0x3a9 ./Middlewares/ST/STM32_USB_Host_Library/Class/HID/Src/usbh_hid_parser.o
 .debug_macro   0x0002266f      0x372 ./Middlewares/ST/STM32_USB_Host_Library/Core/Src/usbh_core.o
 .debug_macro   0x000229e1      0x36a ./Middlewares/ST/STM32_USB_Host_Library/Core/Src/usbh_ctlreq.o
 .debug_macro   0x00022d4b       0x28 ./Middlewares/ST/STM32_USB_Host_Library/Core/Src/usbh_ctlreq.o
 .debug_macro   0x00022d73      0x364 ./Middlewares/ST/STM32_USB_Host_Library/Core/Src/usbh_ioreq.o
 .debug_macro   0x000230d7      0x364 ./Middlewares/ST/STM32_USB_Host_Library/Core/Src/usbh_pipes.o
 .debug_macro   0x0002343b      0x3a6 ./USB_HOST/App/usb_host.o
 .debug_macro   0x000237e1      0x374 ./USB_HOST/Target/usbh_conf.o
 .debug_macro   0x00023b55      0x1e7 ./USB_HOST/Target/usbh_platform.o

.debug_line     0x00000000    0x14173
 .debug_line    0x00000000      0xb5c ./Core/Src/main.o
 .debug_line    0x00000b5c      0x7a8 ./Core/Src/stm32f4xx_hal_msp.o
 .debug_line    0x00001304      0x835 ./Core/Src/stm32f4xx_it.o
 .debug_line    0x00001b39      0x597 ./Core/Src/sysmem.o
 .debug_line    0x000020d0      0x7df ./Core/Src/system_stm32f4xx.o
 .debug_line    0x000028af       0x7a ./Core/Startup/startup_stm32f407vgtx.o
 .debug_line    0x00002929      0xa48 ./Drivers/STM32F4xx_HAL_Driver/Src/stm32f4xx_hal.o
 .debug_line    0x00003371      0xd3a ./Drivers/STM32F4xx_HAL_Driver/Src/stm32f4xx_hal_cortex.o
 .debug_line    0x000040ab      0xbd4 ./Drivers/STM32F4xx_HAL_Driver/Src/stm32f4xx_hal_gpio.o
 .debug_line    0x00004c7f     0x1509 ./Drivers/STM32F4xx_HAL_Driver/Src/stm32f4xx_hal_hcd.o
 .debug_line    0x00006188      0xdd3 ./Drivers/STM32F4xx_HAL_Driver/Src/stm32f4xx_hal_rcc.o
 .debug_line    0x00006f5b     0x291a ./Drivers/STM32F4xx_HAL_Driver/Src/stm32f4xx_hal_uart.o
 .debug_line    0x00009875     0x1e23 ./Drivers/STM32F4xx_HAL_Driver/Src/stm32f4xx_ll_usb.o
 .debug_line    0x0000b698     0x1044 ./Middlewares/ST/STM32_USB_Host_Library/Class/HID/Src/usbh_hid.o
 .debug_line    0x0000c6dc      0xbcc ./Middlewares/ST/STM32_USB_Host_Library/Class/HID/Src/usbh_hid_keybd.o
 .debug_line    0x0000d2a8      0xb38 ./Middlewares/ST/STM32_USB_Host_Library/Class/HID/Src/usbh_hid_mouse.o
 .debug_line    0x0000dde0      0xc9d ./Middlewares/ST/STM32_USB_Host_Library/Class/HID/Src/usbh_hid_parser.o
 .debug_line    0x0000ea7d     0x117e ./Middlewares/ST/STM32_USB_Host_Library/Core/Src/usbh_core.o
 .debug_line    0x0000fbfb     0x111a ./Middlewares/ST/STM32_USB_Host_Library/Core/Src/usbh_ctlreq.o
 .debug_line    0x00010d15      0xabf ./Middlewares/ST/STM32_USB_Host_Library/Core/Src/usbh_ioreq.o
 .debug_line    0x000117d4      0xa6c ./Middlewares/ST/STM32_USB_Host_Library/Core/Src/usbh_pipes.o
 .debug_line    0x00012240      0xa7b ./USB_HOST/App/usb_host.o
 .debug_line    0x00012cbb      0xd2b ./USB_HOST/Target/usbh_conf.o
 .debug_line    0x000139e6      0x78d ./USB_HOST/Target/usbh_platform.o

.debug_str      0x00000000    0xc972b
 .debug_str     0x00000000    0xc4b82 ./Core/Src/main.o
                              0xc4f39 (size before relaxing)
 .debug_str     0x000c4b82       0x83 ./Core/Src/stm32f4xx_hal_msp.o
                              0xbe3e1 (size before relaxing)
 .debug_str     0x000c4c05      0x4ad ./Core/Src/stm32f4xx_it.o
                              0xbe2f9 (size before relaxing)
 .debug_str     0x000c50b2      0x4dc ./Core/Src/sysmem.o
                               0x60c2 (size before relaxing)
 .debug_str     0x000c558e       0xdb ./Core/Src/system_stm32f4xx.o
                              0xbdf55 (size before relaxing)
 .debug_str     0x000c5669       0x44 ./Core/Startup/startup_stm32f407vgtx.o
                                 0x75 (size before relaxing)
 .debug_str     0x000c56ad      0xae0 ./Drivers/STM32F4xx_HAL_Driver/Src/stm32f4xx_hal.o
                              0xbead9 (size before relaxing)
 .debug_str     0x000c618d      0x392 ./Drivers/STM32F4xx_HAL_Driver/Src/stm32f4xx_hal_cortex.o
                              0xbe855 (size before relaxing)
 .debug_str     0x000c651f      0x121 ./Drivers/STM32F4xx_HAL_Driver/Src/stm32f4xx_hal_gpio.o
                              0xbe0d0 (size before relaxing)
 .debug_str     0x000c6640      0x5e7 ./Drivers/STM32F4xx_HAL_Driver/Src/stm32f4xx_hal_hcd.o
                              0xbe83d (size before relaxing)
 .debug_str     0x000c6c27      0x233 ./Drivers/STM32F4xx_HAL_Driver/Src/stm32f4xx_hal_rcc.o
                              0xbe389 (size before relaxing)
 .debug_str     0x000c6e5a      0x65e ./Drivers/STM32F4xx_HAL_Driver/Src/stm32f4xx_hal_uart.o
                              0xbe96a (size before relaxing)
 .debug_str     0x000c74b8      0x513 ./Drivers/STM32F4xx_HAL_Driver/Src/stm32f4xx_ll_usb.o
                              0xbe90e (size before relaxing)
 .debug_str     0x000c79cb     0x12a5 ./Middlewares/ST/STM32_USB_Host_Library/Class/HID/Src/usbh_hid.o
                              0xc593c (size before relaxing)
 .debug_str     0x000c8c70      0x253 ./Middlewares/ST/STM32_USB_Host_Library/Class/HID/Src/usbh_hid_keybd.o
                              0xc57ec (size before relaxing)
 .debug_str     0x000c8ec3       0xb4 ./Middlewares/ST/STM32_USB_Host_Library/Class/HID/Src/usbh_hid_mouse.o
                              0xc5672 (size before relaxing)
 .debug_str     0x000c8f77       0x61 ./Middlewares/ST/STM32_USB_Host_Library/Class/HID/Src/usbh_hid_parser.o
                              0xc4b65 (size before relaxing)
 .debug_str     0x000c8fd8      0x311 ./Middlewares/ST/STM32_USB_Host_Library/Core/Src/usbh_core.o
                              0xc32ba (size before relaxing)
 .debug_str     0x000c92e9      0x19e ./Middlewares/ST/STM32_USB_Host_Library/Core/Src/usbh_ctlreq.o
                              0xc3250 (size before relaxing)
 .debug_str     0x000c9487       0xbf ./Middlewares/ST/STM32_USB_Host_Library/Core/Src/usbh_ioreq.o
                              0xc3055 (size before relaxing)
 .debug_str     0x000c9546       0x78 ./Middlewares/ST/STM32_USB_Host_Library/Core/Src/usbh_pipes.o
                              0xc2feb (size before relaxing)
 .debug_str     0x000c95be       0xa2 ./USB_HOST/App/usb_host.o
                              0xc46ea (size before relaxing)
 .debug_str     0x000c9660       0xa8 ./USB_HOST/Target/usbh_conf.o
                              0xc3f59 (size before relaxing)
 .debug_str     0x000c9708       0x23 ./USB_HOST/Target/usbh_platform.o
                              0xbde64 (size before relaxing)

.comment        0x00000000       0x43
 .comment       0x00000000       0x43 ./Core/Src/main.o
                                 0x44 (size before relaxing)
 .comment       0x00000043       0x44 ./Core/Src/stm32f4xx_hal_msp.o
 .comment       0x00000043       0x44 ./Core/Src/stm32f4xx_it.o
 .comment       0x00000043       0x44 ./Core/Src/sysmem.o
 .comment       0x00000043       0x44 ./Core/Src/system_stm32f4xx.o
 .comment       0x00000043       0x44 ./Drivers/STM32F4xx_HAL_Driver/Src/stm32f4xx_hal.o
 .comment       0x00000043       0x44 ./Drivers/STM32F4xx_HAL_Driver/Src/stm32f4xx_hal_cortex.o
 .comment       0x00000043       0x44 ./Drivers/STM32F4xx_HAL_Driver/Src/stm32f4xx_hal_gpio.o
 .comment       0x00000043       0x44 ./Drivers/STM32F4xx_HAL_Driver/Src/stm32f4xx_hal_hcd.o
 .comment       0x00000043       0x44 ./Drivers/STM32F4xx_HAL_Driver/Src/stm32f4xx_hal_rcc.o
 .comment       0x00000043       0x44 ./Drivers/STM32F4xx_HAL_Driver/Src/stm32f4xx_hal_uart.o
 .comment       0x00000043       0x44 ./Drivers/STM32F4xx_HAL_Driver/Src/stm32f4xx_ll_usb.o
 .comment       0x00000043       0x44 ./Middlewares/ST/STM32_USB_Host_Library/Class/HID/Src/usbh_hid.o
 .comment       0x00000043       0x44 ./Middlewares/ST/STM32_USB_Host_Library/Class/HID/Src/usbh_hid_keybd.o
 .comment       0x00000043       0x44 ./Middlewares/ST/STM32_USB_Host_Library/Class/HID/Src/usbh_hid_mouse.o
 .comment       0x00000043       0x44 ./Middlewares/ST/STM32_USB_Host_Library/Class/HID/Src/usbh_hid_parser.o
 .comment       0x00000043       0x44 ./Middlewares/ST/STM32_USB_Host_Library/Core/Src/usbh_core.o
 .comment       0x00000043       0x44 ./Middlewares/ST/STM32_USB_Host_Library/Core/Src/usbh_ctlreq.o
 .comment       0x00000043       0x44 ./Middlewares/ST/STM32_USB_Host_Library/Core/Src/usbh_ioreq.o
 .comment       0x00000043       0x44 ./Middlewares/ST/STM32_USB_Host_Library/Core/Src/usbh_pipes.o
 .comment       0x00000043       0x44 ./USB_HOST/App/usb_host.o
 .comment       0x00000043       0x44 ./USB_HOST/Target/usbh_conf.o
 .comment       0x00000043       0x44 ./USB_HOST/Target/usbh_platform.o

.debug_frame    0x00000000     0x38b0
 .debug_frame   0x00000000       0xcc ./Core/Src/main.o
 .debug_frame   0x000000cc       0x7c ./Core/Src/stm32f4xx_hal_msp.o
 .debug_frame   0x00000148      0x120 ./Core/Src/stm32f4xx_it.o
 .debug_frame   0x00000268       0x34 ./Core/Src/sysmem.o
 .debug_frame   0x0000029c       0x58 ./Core/Src/system_stm32f4xx.o